Archive member included because of file (symbol)

c:/program files/atmel/avr tools/avr toolchain/bin/../lib/gcc/avr/4.5.1/avr4\libgcc.a(_mulsi3.o)
                              porttimer.o (__mulsi3)
c:/program files/atmel/avr tools/avr toolchain/bin/../lib/gcc/avr/4.5.1/avr4\libgcc.a(_udivmodsi4.o)
                              portserial.o (__udivmodsi4)
c:/program files/atmel/avr tools/avr toolchain/bin/../lib/gcc/avr/4.5.1/avr4\libgcc.a(_exit.o)
                              c:/program files/atmel/avr tools/avr toolchain/bin/../lib/gcc/avr/4.5.1/../../../../avr/lib/avr4/crtm8.o (exit)
c:/program files/atmel/avr tools/avr toolchain/bin/../lib/gcc/avr/4.5.1/avr4\libgcc.a(_copy_data.o)
                              portserial.o (__do_copy_data)
c:/program files/atmel/avr tools/avr toolchain/bin/../lib/gcc/avr/4.5.1/avr4\libgcc.a(_clear_bss.o)
                              demo.o (__do_clear_bss)
c:/program files/atmel/avr tools/avr toolchain/bin/../lib/gcc/avr/4.5.1/../../../../avr/lib/avr4\libc.a(printf.o)
                              DFPlayer_Mini_Mp3.o (printf)
c:/program files/atmel/avr tools/avr toolchain/bin/../lib/gcc/avr/4.5.1/../../../../avr/lib/avr4\libc.a(vfprintf_std.o)
                              c:/program files/atmel/avr tools/avr toolchain/bin/../lib/gcc/avr/4.5.1/../../../../avr/lib/avr4\libc.a(printf.o) (vfprintf)
c:/program files/atmel/avr tools/avr toolchain/bin/../lib/gcc/avr/4.5.1/../../../../avr/lib/avr4\libc.a(strnlen_P.o)
                              c:/program files/atmel/avr tools/avr toolchain/bin/../lib/gcc/avr/4.5.1/../../../../avr/lib/avr4\libc.a(vfprintf_std.o) (strnlen_P)
c:/program files/atmel/avr tools/avr toolchain/bin/../lib/gcc/avr/4.5.1/../../../../avr/lib/avr4\libc.a(strnlen.o)
                              c:/program files/atmel/avr tools/avr toolchain/bin/../lib/gcc/avr/4.5.1/../../../../avr/lib/avr4\libc.a(vfprintf_std.o) (strnlen)
c:/program files/atmel/avr tools/avr toolchain/bin/../lib/gcc/avr/4.5.1/../../../../avr/lib/avr4\libc.a(fputc.o)
                              c:/program files/atmel/avr tools/avr toolchain/bin/../lib/gcc/avr/4.5.1/../../../../avr/lib/avr4\libc.a(vfprintf_std.o) (fputc)
c:/program files/atmel/avr tools/avr toolchain/bin/../lib/gcc/avr/4.5.1/../../../../avr/lib/avr4\libc.a(iob.o)
                              c:/program files/atmel/avr tools/avr toolchain/bin/../lib/gcc/avr/4.5.1/../../../../avr/lib/avr4\libc.a(printf.o) (__iob)
c:/program files/atmel/avr tools/avr toolchain/bin/../lib/gcc/avr/4.5.1/../../../../avr/lib/avr4\libc.a(ultoa_invert.o)
                              c:/program files/atmel/avr tools/avr toolchain/bin/../lib/gcc/avr/4.5.1/../../../../avr/lib/avr4\libc.a(vfprintf_std.o) (__ultoa_invert)
c:/program files/atmel/avr tools/avr toolchain/bin/../lib/gcc/avr/4.5.1/avr4\libgcc.a(_prologue.o)
                              c:/program files/atmel/avr tools/avr toolchain/bin/../lib/gcc/avr/4.5.1/../../../../avr/lib/avr4\libc.a(printf.o) (__prologue_saves__)
c:/program files/atmel/avr tools/avr toolchain/bin/../lib/gcc/avr/4.5.1/avr4\libgcc.a(_epilogue.o)
                              c:/program files/atmel/avr tools/avr toolchain/bin/../lib/gcc/avr/4.5.1/../../../../avr/lib/avr4\libc.a(printf.o) (__epilogue_restores__)

Allocating common symbols
Common symbol       size              file

pxMBFrameCBTransmitterEmpty
                    0x2               mb.o
pxMBPortCBTimerExpired
                    0x2               mb.o
ucRTUBuf            0x100             mbrtu.o
pxMBFrameCBByteReceived
                    0x2               mb.o
pxMBFrameCBTransmitFSMCur
                    0x2               mb.o
pxMBFrameCBReceiveFSMCur
                    0x2               mb.o
__iob               0x6               c:/program files/atmel/avr tools/avr toolchain/bin/../lib/gcc/avr/4.5.1/../../../../avr/lib/avr4\libc.a(iob.o)

Memory Configuration

Name             Origin             Length             Attributes
text             0x00000000         0x00002000         xr
data             0x00800060         0x0000ffa0         rw !x
eeprom           0x00810000         0x00010000         rw !x
fuse             0x00820000         0x00000400         rw !x
lock             0x00830000         0x00000400         rw !x
signature        0x00840000         0x00000400         rw !x
*default*        0x00000000         0xffffffff

Linker script and memory map

LOAD c:/program files/atmel/avr tools/avr toolchain/bin/../lib/gcc/avr/4.5.1/../../../../avr/lib/avr4/crtm8.o
LOAD demo.o
LOAD mbcrc.o
LOAD portevent.o
LOAD portserial.o
LOAD porttimer.o
LOAD mb.o
LOAD mbrtu.o
LOAD mbfuncinput.o
LOAD mbfuncholding.o
LOAD mbutils.o
LOAD mbfunccoils.o
LOAD mbfuncdiag.o
LOAD mbfuncdisc.o
LOAD mbfuncother.o
LOAD softUart.o
LOAD DFPlayer_Mini_Mp3.o
LOAD c:/program files/atmel/avr tools/avr toolchain/bin/../lib/gcc/avr/4.5.1/avr4\libgcc.a
LOAD c:/program files/atmel/avr tools/avr toolchain/bin/../lib/gcc/avr/4.5.1/../../../../avr/lib/avr4\libc.a
LOAD c:/program files/atmel/avr tools/avr toolchain/bin/../lib/gcc/avr/4.5.1/avr4\libgcc.a

.hash
 *(.hash)

.dynsym
 *(.dynsym)

.dynstr
 *(.dynstr)

.gnu.version
 *(.gnu.version)

.gnu.version_d
 *(.gnu.version_d)

.gnu.version_r
 *(.gnu.version_r)

.rel.init
 *(.rel.init)

.rela.init
 *(.rela.init)

.rel.text
 *(.rel.text)
 *(.rel.text.*)
 *(.rel.gnu.linkonce.t*)

.rela.text
 *(.rela.text)
 *(.rela.text.*)
 *(.rela.gnu.linkonce.t*)

.rel.fini
 *(.rel.fini)

.rela.fini
 *(.rela.fini)

.rel.rodata
 *(.rel.rodata)
 *(.rel.rodata.*)
 *(.rel.gnu.linkonce.r*)

.rela.rodata
 *(.rela.rodata)
 *(.rela.rodata.*)
 *(.rela.gnu.linkonce.r*)

.rel.data
 *(.rel.data)
 *(.rel.data.*)
 *(.rel.gnu.linkonce.d*)

.rela.data
 *(.rela.data)
 *(.rela.data.*)
 *(.rela.gnu.linkonce.d*)

.rel.ctors
 *(.rel.ctors)

.rela.ctors
 *(.rela.ctors)

.rel.dtors
 *(.rel.dtors)

.rela.dtors
 *(.rela.dtors)

.rel.got
 *(.rel.got)

.rela.got
 *(.rela.got)

.rel.bss
 *(.rel.bss)

.rela.bss
 *(.rela.bss)

.rel.plt
 *(.rel.plt)

.rela.plt
 *(.rela.plt)

.text           0x00000000     0x1828
 *(.vectors)
 .vectors       0x00000000       0x26 c:/program files/atmel/avr tools/avr toolchain/bin/../lib/gcc/avr/4.5.1/../../../../avr/lib/avr4/crtm8.o
                0x00000000                __vector_default
                0x00000000                __vectors
 *(.vectors)
 *(.progmem.gcc*)
 *(.progmem*)
 .progmem.data  0x00000026      0x200 mbcrc.o
                0x00000226                . = ALIGN (0x2)
                0x00000226                __trampolines_start = .
 *(.trampolines)
 .trampolines   0x00000226        0x0 linker stubs
 *(.trampolines*)
                0x00000226                __trampolines_end = .
 *(.jumptables)
 *(.jumptables*)
 *(.lowtext)
 *(.lowtext*)
                0x00000226                __ctors_start = .
 *(.ctors)
                0x00000226                __ctors_end = .
                0x00000226                __dtors_start = .
 *(.dtors)
                0x00000226                __dtors_end = .
 SORT(*)(.ctors)
 SORT(*)(.dtors)
 *(.init0)
 .init0         0x00000226        0x0 c:/program files/atmel/avr tools/avr toolchain/bin/../lib/gcc/avr/4.5.1/../../../../avr/lib/avr4/crtm8.o
                0x00000226                __init
 *(.init0)
 *(.init1)
 *(.init1)
 *(.init2)
 .init2         0x00000226        0xc c:/program files/atmel/avr tools/avr toolchain/bin/../lib/gcc/avr/4.5.1/../../../../avr/lib/avr4/crtm8.o
 *(.init2)
 *(.init3)
 *(.init3)
 *(.init4)
 .init4         0x00000232       0x16 c:/program files/atmel/avr tools/avr toolchain/bin/../lib/gcc/avr/4.5.1/avr4\libgcc.a(_copy_data.o)
                0x00000232                __do_copy_data
 .init4         0x00000248       0x10 c:/program files/atmel/avr tools/avr toolchain/bin/../lib/gcc/avr/4.5.1/avr4\libgcc.a(_clear_bss.o)
                0x00000248                __do_clear_bss
 *(.init4)
 *(.init5)
 *(.init5)
 *(.init6)
 *(.init6)
 *(.init7)
 *(.init7)
 *(.init8)
 *(.init8)
 *(.init9)
 .init9         0x00000258        0x4 c:/program files/atmel/avr tools/avr toolchain/bin/../lib/gcc/avr/4.5.1/../../../../avr/lib/avr4/crtm8.o
 *(.init9)
 *(.text)
 .text          0x0000025c        0x2 c:/program files/atmel/avr tools/avr toolchain/bin/../lib/gcc/avr/4.5.1/../../../../avr/lib/avr4/crtm8.o
                0x0000025c                __vector_1
                0x0000025c                __bad_interrupt
                0x0000025c                __vector_3
                0x0000025c                __vector_17
                0x0000025c                __vector_7
                0x0000025c                __vector_5
                0x0000025c                __vector_4
                0x0000025c                __vector_2
                0x0000025c                __vector_15
                0x0000025c                __vector_8
                0x0000025c                __vector_14
                0x0000025c                __vector_10
                0x0000025c                __vector_16
                0x0000025c                __vector_18
 .text          0x0000025e       0xd2 demo.o
                0x0000025e                main
                0x000002a6                eMBRegHoldingCB
 .text          0x00000330       0x3c mbcrc.o
                0x00000330                usMBCRC16
 .text          0x0000036c       0x32 portevent.o
                0x0000036c                xMBPortEventInit
                0x00000374                xMBPortEventPost
                0x00000382                xMBPortEventGet
 .text          0x0000039e      0x15a portserial.o
                0x0000039e                vMBPortSerialEnable
                0x000003c6                xMBPortSerialInit
                0x00000436                xMBPortSerialPutByte
                0x0000043c                xMBPortSerialGetByte
                0x00000446                __vector_12
                0x00000494                __vector_11
                0x000004e2                __vector_13
 .text          0x000004f8       0xb2 porttimer.o
                0x000004f8                vMBPortTimersEnable
                0x0000051a                vMBPortTimersDisable
                0x0000052e                xMBPortTimersInit
                0x0000055c                __vector_6
 .text          0x000005aa      0x2b4 mb.o
                0x000005aa                eMBInit
                0x00000654                eMBRegisterCB
                0x000006e0                eMBClose
                0x00000702                eMBEnable
                0x00000720                eMBDisable
                0x00000746                eMBPoll
 .text          0x0000085e      0x2c2 mbrtu.o
                0x0000085e                eMBRTUInit
                0x000008ca                eMBRTUStart
                0x000008dc                eMBRTUStop
                0x000008ea                eMBRTUReceive
                0x00000954                eMBRTUSend
                0x000009ea                xMBRTUReceiveFSM
                0x00000a78                xMBRTUTransmitFSM
                0x00000ae8                xMBRTUTimerT35Expired
 .text          0x00000b20        0x0 mbfuncinput.o
 .text          0x00000b20      0x23e mbfuncholding.o
                0x00000b20                eMBFuncWriteHoldingRegister
                0x00000b58                eMBFuncWriteMultipleHoldingRegister
                0x00000bc0                eMBFuncReadHoldingRegister
                0x00000c50                eMBFuncReadWriteMultipleHoldingRegister
 .text          0x00000d5e       0xce mbutils.o
                0x00000d5e                xMBUtilSetBits
                0x00000dc8                xMBUtilGetBits
                0x00000e18                prveMBError2Exception
 .text          0x00000e2c        0x0 mbfunccoils.o
 .text          0x00000e2c        0x0 mbfuncdiag.o
 .text          0x00000e2c        0x0 mbfuncdisc.o
 .text          0x00000e2c        0x0 mbfuncother.o
 .text          0x00000e2c      0x2a8 softUart.o
                0x00000e2c                __vector_9
                0x00000fa8                SUART_Init
                0x00000fd0                SUART_GetChar
                0x00001058                SUART_FlushInBuf
                0x00001062                SUART_Kbhit
                0x00001074                SUART_TurnRxOn
                0x0000107a                SUART_TurnRxOff
                0x00001082                SUART_PutChar
                0x000010ae                SUART_PutStr
 .text          0x000010d4      0x14c DFPlayer_Mini_Mp3.o
                0x000010d4                mp3_set_reply
                0x000010de                mp3_get_checksum
                0x000010fc                mp3_fill_checksum
                0x0000110c                h_send_func
                0x00001154                s_send_func
                0x0000116e                mp3_send_cmd_arg
                0x00001180                mp3_send_cmd
                0x00001192                mp3_set_play_mode
                0x0000119c                mp3_play_physical_arg
                0x000011a4                mp3_play_physical
                0x000011aa                mp3_next
                0x000011b0                mp3_prev
                0x000011b6                mp3_set_volume
                0x000011be                mp3_set_EQ
                0x000011c6                mp3_set_device
                0x000011ce                mp3_sleep
                0x000011d4                mp3_reset
                0x000011da                mp3_play
                0x000011e0                mp3_pause
                0x000011e6                mp3_stop
                0x000011ec                mp3_play_arg
                0x000011f4                mp3_single_loop
                0x00001206                mp3_loop
                0x00001218                mp3_single_play
 .text          0x00001220        0x0 c:/program files/atmel/avr tools/avr toolchain/bin/../lib/gcc/avr/4.5.1/avr4\libgcc.a(_mulsi3.o)
 .text          0x00001220        0x0 c:/program files/atmel/avr tools/avr toolchain/bin/../lib/gcc/avr/4.5.1/avr4\libgcc.a(_udivmodsi4.o)
 .text          0x00001220        0x0 c:/program files/atmel/avr tools/avr toolchain/bin/../lib/gcc/avr/4.5.1/avr4\libgcc.a(_exit.o)
 .text          0x00001220        0x0 c:/program files/atmel/avr tools/avr toolchain/bin/../lib/gcc/avr/4.5.1/avr4\libgcc.a(_copy_data.o)
 .text          0x00001220        0x0 c:/program files/atmel/avr tools/avr toolchain/bin/../lib/gcc/avr/4.5.1/avr4\libgcc.a(_clear_bss.o)
 .text          0x00001220        0x0 c:/program files/atmel/avr tools/avr toolchain/bin/../lib/gcc/avr/4.5.1/../../../../avr/lib/avr4\libc.a(printf.o)
 .text          0x00001220        0x0 c:/program files/atmel/avr tools/avr toolchain/bin/../lib/gcc/avr/4.5.1/../../../../avr/lib/avr4\libc.a(vfprintf_std.o)
 .text          0x00001220        0x0 c:/program files/atmel/avr tools/avr toolchain/bin/../lib/gcc/avr/4.5.1/../../../../avr/lib/avr4\libc.a(strnlen_P.o)
 .text          0x00001220        0x0 c:/program files/atmel/avr tools/avr toolchain/bin/../lib/gcc/avr/4.5.1/../../../../avr/lib/avr4\libc.a(strnlen.o)
 .text          0x00001220        0x0 c:/program files/atmel/avr tools/avr toolchain/bin/../lib/gcc/avr/4.5.1/../../../../avr/lib/avr4\libc.a(fputc.o)
 .text          0x00001220        0x0 c:/program files/atmel/avr tools/avr toolchain/bin/../lib/gcc/avr/4.5.1/../../../../avr/lib/avr4\libc.a(iob.o)
 .text          0x00001220        0x0 c:/program files/atmel/avr tools/avr toolchain/bin/../lib/gcc/avr/4.5.1/../../../../avr/lib/avr4\libc.a(ultoa_invert.o)
 .text          0x00001220        0x0 c:/program files/atmel/avr tools/avr toolchain/bin/../lib/gcc/avr/4.5.1/avr4\libgcc.a(_prologue.o)
 .text          0x00001220        0x0 c:/program files/atmel/avr tools/avr toolchain/bin/../lib/gcc/avr/4.5.1/avr4\libgcc.a(_epilogue.o)
                0x00001220                . = ALIGN (0x2)
 *(.text.*)
 .text.libgcc   0x00001220       0x3e c:/program files/atmel/avr tools/avr toolchain/bin/../lib/gcc/avr/4.5.1/avr4\libgcc.a(_mulsi3.o)
                0x00001220                __mulsi3
 .text.libgcc   0x0000125e       0x44 c:/program files/atmel/avr tools/avr toolchain/bin/../lib/gcc/avr/4.5.1/avr4\libgcc.a(_udivmodsi4.o)
                0x0000125e                __udivmodsi4
 .text.libgcc   0x000012a2        0x0 c:/program files/atmel/avr tools/avr toolchain/bin/../lib/gcc/avr/4.5.1/avr4\libgcc.a(_exit.o)
 .text.libgcc   0x000012a2        0x0 c:/program files/atmel/avr tools/avr toolchain/bin/../lib/gcc/avr/4.5.1/avr4\libgcc.a(_copy_data.o)
 .text.libgcc   0x000012a2        0x0 c:/program files/atmel/avr tools/avr toolchain/bin/../lib/gcc/avr/4.5.1/avr4\libgcc.a(_clear_bss.o)
 .text.avr-libc
                0x000012a2       0x24 c:/program files/atmel/avr tools/avr toolchain/bin/../lib/gcc/avr/4.5.1/../../../../avr/lib/avr4\libc.a(printf.o)
                0x000012a2                printf
 .text.avr-libc
                0x000012c6      0x3b0 c:/program files/atmel/avr tools/avr toolchain/bin/../lib/gcc/avr/4.5.1/../../../../avr/lib/avr4\libc.a(vfprintf_std.o)
                0x000012c6                vfprintf
 .text.avr-libc
                0x00001676       0x16 c:/program files/atmel/avr tools/avr toolchain/bin/../lib/gcc/avr/4.5.1/../../../../avr/lib/avr4\libc.a(strnlen_P.o)
                0x00001676                strnlen_P
 .text.avr-libc
                0x0000168c       0x16 c:/program files/atmel/avr tools/avr toolchain/bin/../lib/gcc/avr/4.5.1/../../../../avr/lib/avr4\libc.a(strnlen.o)
                0x0000168c                strnlen
 .text.avr-libc
                0x000016a2       0x58 c:/program files/atmel/avr tools/avr toolchain/bin/../lib/gcc/avr/4.5.1/../../../../avr/lib/avr4\libc.a(fputc.o)
                0x000016a2                fputc
 .text.avr-libc
                0x000016fa       0xbc c:/program files/atmel/avr tools/avr toolchain/bin/../lib/gcc/avr/4.5.1/../../../../avr/lib/avr4\libc.a(ultoa_invert.o)
                0x000016fa                __ultoa_invert
 .text.libgcc   0x000017b6       0x38 c:/program files/atmel/avr tools/avr toolchain/bin/../lib/gcc/avr/4.5.1/avr4\libgcc.a(_prologue.o)
                0x000017b6                __prologue_saves__
 .text.libgcc   0x000017ee       0x36 c:/program files/atmel/avr tools/avr toolchain/bin/../lib/gcc/avr/4.5.1/avr4\libgcc.a(_epilogue.o)
                0x000017ee                __epilogue_restores__
                0x00001824                . = ALIGN (0x2)
 *(.fini9)
 .fini9         0x00001824        0x0 c:/program files/atmel/avr tools/avr toolchain/bin/../lib/gcc/avr/4.5.1/avr4\libgcc.a(_exit.o)
                0x00001824                _exit
                0x00001824                exit
 *(.fini9)
 *(.fini8)
 *(.fini8)
 *(.fini7)
 *(.fini7)
 *(.fini6)
 *(.fini6)
 *(.fini5)
 *(.fini5)
 *(.fini4)
 *(.fini4)
 *(.fini3)
 *(.fini3)
 *(.fini2)
 *(.fini2)
 *(.fini1)
 *(.fini1)
 *(.fini0)
 .fini0         0x00001824        0x4 c:/program files/atmel/avr tools/avr toolchain/bin/../lib/gcc/avr/4.5.1/avr4\libgcc.a(_exit.o)
 *(.fini0)
                0x00001828                _etext = .

.data           0x00800060       0x4c load address 0x00001828
                0x00800060                PROVIDE (__data_start, .)
 *(.data)
 .data          0x00800060        0x0 c:/program files/atmel/avr tools/avr toolchain/bin/../lib/gcc/avr/4.5.1/../../../../avr/lib/avr4/crtm8.o
 .data          0x00800060        0x0 demo.o
 .data          0x00800060        0x0 mbcrc.o
 .data          0x00800060        0x0 portevent.o
 .data          0x00800060        0x3 portserial.o
 .data          0x00800063        0x0 porttimer.o
 .data          0x00800063       0x31 mb.o
 .data          0x00800094        0x0 mbrtu.o
 .data          0x00800094        0x0 mbfuncinput.o
 .data          0x00800094        0x0 mbfuncholding.o
 .data          0x00800094        0x8 mbutils.o
 .data          0x0080009c        0x0 mbfunccoils.o
 .data          0x0080009c        0x0 mbfuncdiag.o
 .data          0x0080009c        0x0 mbfuncdisc.o
 .data          0x0080009c        0x0 mbfuncother.o
 .data          0x0080009c        0x0 softUart.o
 .data          0x0080009c        0xf DFPlayer_Mini_Mp3.o
 .data          0x008000ab        0x0 c:/program files/atmel/avr tools/avr toolchain/bin/../lib/gcc/avr/4.5.1/avr4\libgcc.a(_mulsi3.o)
 .data          0x008000ab        0x0 c:/program files/atmel/avr tools/avr toolchain/bin/../lib/gcc/avr/4.5.1/avr4\libgcc.a(_udivmodsi4.o)
 .data          0x008000ab        0x0 c:/program files/atmel/avr tools/avr toolchain/bin/../lib/gcc/avr/4.5.1/avr4\libgcc.a(_exit.o)
 .data          0x008000ab        0x0 c:/program files/atmel/avr tools/avr toolchain/bin/../lib/gcc/avr/4.5.1/avr4\libgcc.a(_copy_data.o)
 .data          0x008000ab        0x0 c:/program files/atmel/avr tools/avr toolchain/bin/../lib/gcc/avr/4.5.1/avr4\libgcc.a(_clear_bss.o)
 .data          0x008000ab        0x0 c:/program files/atmel/avr tools/avr toolchain/bin/../lib/gcc/avr/4.5.1/../../../../avr/lib/avr4\libc.a(printf.o)
 .data          0x008000ab        0x0 c:/program files/atmel/avr tools/avr toolchain/bin/../lib/gcc/avr/4.5.1/../../../../avr/lib/avr4\libc.a(vfprintf_std.o)
 .data          0x008000ab        0x0 c:/program files/atmel/avr tools/avr toolchain/bin/../lib/gcc/avr/4.5.1/../../../../avr/lib/avr4\libc.a(strnlen_P.o)
 .data          0x008000ab        0x0 c:/program files/atmel/avr tools/avr toolchain/bin/../lib/gcc/avr/4.5.1/../../../../avr/lib/avr4\libc.a(strnlen.o)
 .data          0x008000ab        0x0 c:/program files/atmel/avr tools/avr toolchain/bin/../lib/gcc/avr/4.5.1/../../../../avr/lib/avr4\libc.a(fputc.o)
 .data          0x008000ab        0x0 c:/program files/atmel/avr tools/avr toolchain/bin/../lib/gcc/avr/4.5.1/../../../../avr/lib/avr4\libc.a(iob.o)
 .data          0x008000ab        0x0 c:/program files/atmel/avr tools/avr toolchain/bin/../lib/gcc/avr/4.5.1/../../../../avr/lib/avr4\libc.a(ultoa_invert.o)
 .data          0x008000ab        0x0 c:/program files/atmel/avr tools/avr toolchain/bin/../lib/gcc/avr/4.5.1/avr4\libgcc.a(_prologue.o)
 .data          0x008000ab        0x0 c:/program files/atmel/avr tools/avr toolchain/bin/../lib/gcc/avr/4.5.1/avr4\libgcc.a(_epilogue.o)
 *(.data*)
 *(.rodata)
 *(.rodata*)
 *(.gnu.linkonce.d*)
                0x008000ac                . = ALIGN (0x2)
 *fill*         0x008000ab        0x1 00
                0x008000ac                _edata = .
                0x008000ac                PROVIDE (__data_end, .)

.bss            0x008000ac      0x1d0
                0x008000ac                PROVIDE (__bss_start, .)
 *(.bss)
 .bss           0x008000ac        0x0 c:/program files/atmel/avr tools/avr toolchain/bin/../lib/gcc/avr/4.5.1/../../../../avr/lib/avr4/crtm8.o
 .bss           0x008000ac       0x80 demo.o
 .bss           0x0080012c        0x0 mbcrc.o
 .bss           0x0080012c        0x2 portevent.o
 .bss           0x0080012e        0x0 portserial.o
 .bss           0x0080012e        0x2 porttimer.o
 .bss           0x00800130       0x13 mb.o
 .bss           0x00800143        0x8 mbrtu.o
 .bss           0x0080014b        0x0 mbfuncinput.o
 .bss           0x0080014b        0x0 mbfuncholding.o
 .bss           0x0080014b        0x0 mbutils.o
 .bss           0x0080014b        0x0 mbfunccoils.o
 .bss           0x0080014b        0x0 mbfuncdiag.o
 .bss           0x0080014b        0x0 mbfuncdisc.o
 .bss           0x0080014b        0x0 mbfuncother.o
 .bss           0x0080014b       0x21 softUart.o
 .bss           0x0080016c        0x0 DFPlayer_Mini_Mp3.o
 .bss           0x0080016c        0x0 c:/program files/atmel/avr tools/avr toolchain/bin/../lib/gcc/avr/4.5.1/avr4\libgcc.a(_mulsi3.o)
 .bss           0x0080016c        0x0 c:/program files/atmel/avr tools/avr toolchain/bin/../lib/gcc/avr/4.5.1/avr4\libgcc.a(_udivmodsi4.o)
 .bss           0x0080016c        0x0 c:/program files/atmel/avr tools/avr toolchain/bin/../lib/gcc/avr/4.5.1/avr4\libgcc.a(_exit.o)
 .bss           0x0080016c        0x0 c:/program files/atmel/avr tools/avr toolchain/bin/../lib/gcc/avr/4.5.1/avr4\libgcc.a(_copy_data.o)
 .bss           0x0080016c        0x0 c:/program files/atmel/avr tools/avr toolchain/bin/../lib/gcc/avr/4.5.1/avr4\libgcc.a(_clear_bss.o)
 .bss           0x0080016c        0x0 c:/program files/atmel/avr tools/avr toolchain/bin/../lib/gcc/avr/4.5.1/../../../../avr/lib/avr4\libc.a(printf.o)
 .bss           0x0080016c        0x0 c:/program files/atmel/avr tools/avr toolchain/bin/../lib/gcc/avr/4.5.1/../../../../avr/lib/avr4\libc.a(vfprintf_std.o)
 .bss           0x0080016c        0x0 c:/program files/atmel/avr tools/avr toolchain/bin/../lib/gcc/avr/4.5.1/../../../../avr/lib/avr4\libc.a(strnlen_P.o)
 .bss           0x0080016c        0x0 c:/program files/atmel/avr tools/avr toolchain/bin/../lib/gcc/avr/4.5.1/../../../../avr/lib/avr4\libc.a(strnlen.o)
 .bss           0x0080016c        0x0 c:/program files/atmel/avr tools/avr toolchain/bin/../lib/gcc/avr/4.5.1/../../../../avr/lib/avr4\libc.a(fputc.o)
 .bss           0x0080016c        0x0 c:/program files/atmel/avr tools/avr toolchain/bin/../lib/gcc/avr/4.5.1/../../../../avr/lib/avr4\libc.a(iob.o)
 .bss           0x0080016c        0x0 c:/program files/atmel/avr tools/avr toolchain/bin/../lib/gcc/avr/4.5.1/../../../../avr/lib/avr4\libc.a(ultoa_invert.o)
 .bss           0x0080016c        0x0 c:/program files/atmel/avr tools/avr toolchain/bin/../lib/gcc/avr/4.5.1/avr4\libgcc.a(_prologue.o)
 .bss           0x0080016c        0x0 c:/program files/atmel/avr tools/avr toolchain/bin/../lib/gcc/avr/4.5.1/avr4\libgcc.a(_epilogue.o)
 *(.bss*)
 *(COMMON)
 COMMON         0x0080016c        0xa mb.o
                0x0080016c                pxMBFrameCBTransmitterEmpty
                0x0080016e                pxMBPortCBTimerExpired
                0x00800170                pxMBFrameCBByteReceived
                0x00800172                pxMBFrameCBTransmitFSMCur
                0x00800174                pxMBFrameCBReceiveFSMCur
 COMMON         0x00800176      0x100 mbrtu.o
                0x00800176                ucRTUBuf
 COMMON         0x00800276        0x6 c:/program files/atmel/avr tools/avr toolchain/bin/../lib/gcc/avr/4.5.1/../../../../avr/lib/avr4\libc.a(iob.o)
                0x00800276                __iob
                0x0080027c                PROVIDE (__bss_end, .)
                0x00001828                __data_load_start = LOADADDR (.data)
                0x00001874                __data_load_end = (__data_load_start + SIZEOF (.data))

.noinit         0x0080027c        0x0
                0x0080027c                PROVIDE (__noinit_start, .)
 *(.noinit*)
                0x0080027c                PROVIDE (__noinit_end, .)
                0x0080027c                _end = .
                0x0080027c                PROVIDE (__heap_start, .)

.eeprom         0x00810000        0x0
 *(.eeprom*)
                0x00810000                __eeprom_end = .

.fuse
 *(.fuse)
 *(.lfuse)
 *(.hfuse)
 *(.efuse)

.lock
 *(.lock*)

.signature
 *(.signature*)

.stab           0x00000000      0xc84
 *(.stab)
 .stab          0x00000000      0x6cc c:/program files/atmel/avr tools/avr toolchain/bin/../lib/gcc/avr/4.5.1/../../../../avr/lib/avr4/crtm8.o
 .stab          0x000006cc       0x9c c:/program files/atmel/avr tools/avr toolchain/bin/../lib/gcc/avr/4.5.1/../../../../avr/lib/avr4\libc.a(strnlen_P.o)
                                 0xa8 (size before relaxing)
 .stab          0x00000768       0x9c c:/program files/atmel/avr tools/avr toolchain/bin/../lib/gcc/avr/4.5.1/../../../../avr/lib/avr4\libc.a(strnlen.o)
                                 0xa8 (size before relaxing)
 .stab          0x00000804      0x480 c:/program files/atmel/avr tools/avr toolchain/bin/../lib/gcc/avr/4.5.1/../../../../avr/lib/avr4\libc.a(ultoa_invert.o)
                                0x48c (size before relaxing)

.stabstr        0x00000000      0x1b6
 *(.stabstr)
 .stabstr       0x00000000      0x1b6 c:/program files/atmel/avr tools/avr toolchain/bin/../lib/gcc/avr/4.5.1/../../../../avr/lib/avr4/crtm8.o

.stab.excl
 *(.stab.excl)

.stab.exclstr
 *(.stab.exclstr)

.stab.index
 *(.stab.index)

.stab.indexstr
 *(.stab.indexstr)

.comment
 *(.comment)

.debug
 *(.debug)

.line
 *(.line)

.debug_srcinfo
 *(.debug_srcinfo)

.debug_sfnames
 *(.debug_sfnames)

.debug_aranges  0x00000000      0x1c0
 *(.debug_aranges)
 .debug_aranges
                0x00000000       0x20 demo.o
 .debug_aranges
                0x00000020       0x20 mbcrc.o
 .debug_aranges
                0x00000040       0x20 portevent.o
 .debug_aranges
                0x00000060       0x20 portserial.o
 .debug_aranges
                0x00000080       0x20 porttimer.o
 .debug_aranges
                0x000000a0       0x20 mb.o
 .debug_aranges
                0x000000c0       0x20 mbrtu.o
 .debug_aranges
                0x000000e0       0x20 mbfuncholding.o
 .debug_aranges
                0x00000100       0x20 mbutils.o
 .debug_aranges
                0x00000120       0x20 softUart.o
 .debug_aranges
                0x00000140       0x20 DFPlayer_Mini_Mp3.o
 .debug_aranges
                0x00000160       0x20 c:/program files/atmel/avr tools/avr toolchain/bin/../lib/gcc/avr/4.5.1/../../../../avr/lib/avr4\libc.a(printf.o)
 .debug_aranges
                0x00000180       0x20 c:/program files/atmel/avr tools/avr toolchain/bin/../lib/gcc/avr/4.5.1/../../../../avr/lib/avr4\libc.a(vfprintf_std.o)
 .debug_aranges
                0x000001a0       0x20 c:/program files/atmel/avr tools/avr toolchain/bin/../lib/gcc/avr/4.5.1/../../../../avr/lib/avr4\libc.a(fputc.o)

.debug_pubnames
                0x00000000      0x724
 *(.debug_pubnames)
 .debug_pubnames
                0x00000000       0x2f demo.o
 .debug_pubnames
                0x0000002f       0x20 mbcrc.o
 .debug_pubnames
                0x0000004f       0x50 portevent.o
 .debug_pubnames
                0x0000009f       0xa2 portserial.o
 .debug_pubnames
                0x00000141       0x68 porttimer.o
 .debug_pubnames
                0x000001a9       0xf8 mb.o
 .debug_pubnames
                0x000002a1       0xb3 mbrtu.o
 .debug_pubnames
                0x00000354       0xa5 mbfuncholding.o
 .debug_pubnames
                0x000003f9       0x52 mbutils.o
 .debug_pubnames
                0x0000044b       0xb1 softUart.o
 .debug_pubnames
                0x000004fc      0x1b4 DFPlayer_Mini_Mp3.o
 .debug_pubnames
                0x000006b0       0x1d c:/program files/atmel/avr tools/avr toolchain/bin/../lib/gcc/avr/4.5.1/../../../../avr/lib/avr4\libc.a(printf.o)
 .debug_pubnames
                0x000006cd       0x1f c:/program files/atmel/avr tools/avr toolchain/bin/../lib/gcc/avr/4.5.1/../../../../avr/lib/avr4\libc.a(vfprintf_std.o)
 .debug_pubnames
                0x000006ec       0x1c c:/program files/atmel/avr tools/avr toolchain/bin/../lib/gcc/avr/4.5.1/../../../../avr/lib/avr4\libc.a(fputc.o)
 .debug_pubnames
                0x00000708       0x1c c:/program files/atmel/avr tools/avr toolchain/bin/../lib/gcc/avr/4.5.1/../../../../avr/lib/avr4\libc.a(iob.o)

.debug_info     0x00000000     0x2a98
 *(.debug_info)
 .debug_info    0x00000000      0x272 demo.o
 .debug_info    0x00000272      0x1a8 mbcrc.o
 .debug_info    0x0000041a      0x154 portevent.o
 .debug_info    0x0000056e      0x24e portserial.o
 .debug_info    0x000007bc      0x14d porttimer.o
 .debug_info    0x00000909      0x5f5 mb.o
 .debug_info    0x00000efe      0x45a mbrtu.o
 .debug_info    0x00001358       0x73 mbfuncinput.o
 .debug_info    0x000013cb      0x365 mbfuncholding.o
 .debug_info    0x00001730      0x284 mbutils.o
 .debug_info    0x000019b4       0x73 mbfunccoils.o
 .debug_info    0x00001a27        0x0 mbfuncdiag.o
 .debug_info    0x00001a27       0x73 mbfuncdisc.o
 .debug_info    0x00001a9a       0x73 mbfuncother.o
 .debug_info    0x00001b0d      0x314 softUart.o
 .debug_info    0x00001e21      0x4ab DFPlayer_Mini_Mp3.o
 .debug_info    0x000022cc      0x1c6 c:/program files/atmel/avr tools/avr toolchain/bin/../lib/gcc/avr/4.5.1/../../../../avr/lib/avr4\libc.a(printf.o)
 .debug_info    0x00002492      0x350 c:/program files/atmel/avr tools/avr toolchain/bin/../lib/gcc/avr/4.5.1/../../../../avr/lib/avr4\libc.a(vfprintf_std.o)
 .debug_info    0x000027e2      0x167 c:/program files/atmel/avr tools/avr toolchain/bin/../lib/gcc/avr/4.5.1/../../../../avr/lib/avr4\libc.a(fputc.o)
 .debug_info    0x00002949      0x14f c:/program files/atmel/avr tools/avr toolchain/bin/../lib/gcc/avr/4.5.1/../../../../avr/lib/avr4\libc.a(iob.o)
 *(.gnu.linkonce.wi.*)

.debug_abbrev   0x00000000      0xf6c
 *(.debug_abbrev)
 .debug_abbrev  0x00000000      0x102 demo.o
 .debug_abbrev  0x00000102       0xc0 mbcrc.o
 .debug_abbrev  0x000001c2       0xb3 portevent.o
 .debug_abbrev  0x00000275       0xe2 portserial.o
 .debug_abbrev  0x00000357       0xb3 porttimer.o
 .debug_abbrev  0x0000040a      0x179 mb.o
 .debug_abbrev  0x00000583      0x12a mbrtu.o
 .debug_abbrev  0x000006ad       0x2a mbfuncinput.o
 .debug_abbrev  0x000006d7       0xa4 mbfuncholding.o
 .debug_abbrev  0x0000077b       0xe6 mbutils.o
 .debug_abbrev  0x00000861       0x2a mbfunccoils.o
 .debug_abbrev  0x0000088b        0x1 mbfuncdiag.o
 .debug_abbrev  0x0000088c       0x2a mbfuncdisc.o
 .debug_abbrev  0x000008b6       0x2a mbfuncother.o
 .debug_abbrev  0x000008e0       0xf8 softUart.o
 .debug_abbrev  0x000009d8      0x17b DFPlayer_Mini_Mp3.o
 .debug_abbrev  0x00000b53      0x11c c:/program files/atmel/avr tools/avr toolchain/bin/../lib/gcc/avr/4.5.1/../../../../avr/lib/avr4\libc.a(printf.o)
 .debug_abbrev  0x00000c6f      0x15f c:/program files/atmel/avr tools/avr toolchain/bin/../lib/gcc/avr/4.5.1/../../../../avr/lib/avr4\libc.a(vfprintf_std.o)
 .debug_abbrev  0x00000dce       0xd9 c:/program files/atmel/avr tools/avr toolchain/bin/../lib/gcc/avr/4.5.1/../../../../avr/lib/avr4\libc.a(fputc.o)
 .debug_abbrev  0x00000ea7       0xc5 c:/program files/atmel/avr tools/avr toolchain/bin/../lib/gcc/avr/4.5.1/../../../../avr/lib/avr4\libc.a(iob.o)

.debug_line     0x00000000     0x23e1
 *(.debug_line)
 .debug_line    0x00000000      0x16f demo.o
 .debug_line    0x0000016f      0x112 mbcrc.o
 .debug_line    0x00000281       0xd6 portevent.o
 .debug_line    0x00000357      0x1e3 portserial.o
 .debug_line    0x0000053a      0x18c porttimer.o
 .debug_line    0x000006c6      0x357 mb.o
 .debug_line    0x00000a1d      0x316 mbrtu.o
 .debug_line    0x00000d33       0x3e mbfuncinput.o
 .debug_line    0x00000d71      0x34f mbfuncholding.o
 .debug_line    0x000010c0      0x12f mbutils.o
 .debug_line    0x000011ef       0x3e mbfunccoils.o
 .debug_line    0x0000122d       0x24 mbfuncdiag.o
 .debug_line    0x00001251       0x3e mbfuncdisc.o
 .debug_line    0x0000128f       0x3e mbfuncother.o
 .debug_line    0x000012cd      0x3bb softUart.o
 .debug_line    0x00001688      0x354 DFPlayer_Mini_Mp3.o
 .debug_line    0x000019dc      0x186 c:/program files/atmel/avr tools/avr toolchain/bin/../lib/gcc/avr/4.5.1/../../../../avr/lib/avr4\libc.a(printf.o)
 .debug_line    0x00001b62      0x64d c:/program files/atmel/avr tools/avr toolchain/bin/../lib/gcc/avr/4.5.1/../../../../avr/lib/avr4\libc.a(vfprintf_std.o)
 .debug_line    0x000021af      0x147 c:/program files/atmel/avr tools/avr toolchain/bin/../lib/gcc/avr/4.5.1/../../../../avr/lib/avr4\libc.a(fputc.o)
 .debug_line    0x000022f6       0xeb c:/program files/atmel/avr tools/avr toolchain/bin/../lib/gcc/avr/4.5.1/../../../../avr/lib/avr4\libc.a(iob.o)

.debug_frame    0x00000000      0x580
 *(.debug_frame)
 .debug_frame   0x00000000       0x30 demo.o
 .debug_frame   0x00000030       0x20 mbcrc.o
 .debug_frame   0x00000050       0x40 portevent.o
 .debug_frame   0x00000090       0x80 portserial.o
 .debug_frame   0x00000110       0x50 porttimer.o
 .debug_frame   0x00000160       0x70 mb.o
 .debug_frame   0x000001d0       0x90 mbrtu.o
 .debug_frame   0x00000260       0x50 mbfuncholding.o
 .debug_frame   0x000002b0       0x40 mbutils.o
 .debug_frame   0x000002f0       0xa0 softUart.o
 .debug_frame   0x00000390      0x190 DFPlayer_Mini_Mp3.o
 .debug_frame   0x00000520       0x20 c:/program files/atmel/avr tools/avr toolchain/bin/../lib/gcc/avr/4.5.1/../../../../avr/lib/avr4\libc.a(printf.o)
 .debug_frame   0x00000540       0x20 c:/program files/atmel/avr tools/avr toolchain/bin/../lib/gcc/avr/4.5.1/../../../../avr/lib/avr4\libc.a(vfprintf_std.o)
 .debug_frame   0x00000560       0x20 c:/program files/atmel/avr tools/avr toolchain/bin/../lib/gcc/avr/4.5.1/../../../../avr/lib/avr4\libc.a(fputc.o)

.debug_str      0x00000000      0xff3
 *(.debug_str)
 .debug_str     0x00000000      0x1de demo.o
                                0x217 (size before relaxing)
 .debug_str     0x000001de       0x6c mbcrc.o
                                0x143 (size before relaxing)
 .debug_str     0x0000024a       0xb8 portevent.o
                                0x172 (size before relaxing)
 .debug_str     0x00000302      0x111 portserial.o
                                0x20d (size before relaxing)
 .debug_str     0x00000413       0xa1 porttimer.o
                                0x178 (size before relaxing)
 .debug_str     0x000004b4      0x2cf mb.o
                                0x524 (size before relaxing)
 .debug_str     0x00000783      0x191 mbrtu.o
                                0x375 (size before relaxing)
 .debug_str     0x00000914       0x11 mbfuncinput.o
                                 0xcb (size before relaxing)
 .debug_str     0x00000925      0x12a mbfuncholding.o
                                0x371 (size before relaxing)
 .debug_str     0x00000a4f       0xa3 mbutils.o
                                0x2c2 (size before relaxing)
 .debug_str     0x00000af2       0x11 mbfunccoils.o
                                 0xcb (size before relaxing)
 .debug_str     0x00000b03       0x10 mbfuncdisc.o
                                 0xca (size before relaxing)
 .debug_str     0x00000b13       0x11 mbfuncother.o
                                 0xcb (size before relaxing)
 .debug_str     0x00000b24      0x16a softUart.o
                                0x220 (size before relaxing)
 .debug_str     0x00000c8e      0x187 DFPlayer_Mini_Mp3.o
                                0x220 (size before relaxing)
 .debug_str     0x00000e15       0x96 c:/program files/atmel/avr tools/avr toolchain/bin/../lib/gcc/avr/4.5.1/../../../../avr/lib/avr4\libc.a(printf.o)
                                0x125 (size before relaxing)
 .debug_str     0x00000eab       0xa4 c:/program files/atmel/avr tools/avr toolchain/bin/../lib/gcc/avr/4.5.1/../../../../avr/lib/avr4\libc.a(vfprintf_std.o)
                                0x177 (size before relaxing)
 .debug_str     0x00000f4f       0x56 c:/program files/atmel/avr tools/avr toolchain/bin/../lib/gcc/avr/4.5.1/../../../../avr/lib/avr4\libc.a(fputc.o)
                                 0xfb (size before relaxing)
 .debug_str     0x00000fa5       0x4e c:/program files/atmel/avr tools/avr toolchain/bin/../lib/gcc/avr/4.5.1/../../../../avr/lib/avr4\libc.a(iob.o)
                                 0xf2 (size before relaxing)

.debug_loc      0x00000000     0x1a74
 *(.debug_loc)
 .debug_loc     0x00000000      0x14a demo.o
 .debug_loc     0x0000014a      0x151 mbcrc.o
 .debug_loc     0x0000029b       0x91 portevent.o
 .debug_loc     0x0000032c       0xfc portserial.o
 .debug_loc     0x00000428       0x28 porttimer.o
 .debug_loc     0x00000450      0x276 mb.o
 .debug_loc     0x000006c6      0x2cc mbrtu.o
 .debug_loc     0x00000992      0x557 mbfuncholding.o
 .debug_loc     0x00000ee9      0x1a6 mbutils.o
 .debug_loc     0x0000108f       0xe7 softUart.o
 .debug_loc     0x00001176      0x20d DFPlayer_Mini_Mp3.o
 .debug_loc     0x00001383      0x6a1 c:/program files/atmel/avr tools/avr toolchain/bin/../lib/gcc/avr/4.5.1/../../../../avr/lib/avr4\libc.a(vfprintf_std.o)
 .debug_loc     0x00001a24       0x50 c:/program files/atmel/avr tools/avr toolchain/bin/../lib/gcc/avr/4.5.1/../../../../avr/lib/avr4\libc.a(fputc.o)

.debug_macinfo
 *(.debug_macinfo)
OUTPUT(berlios_1.elf elf32-avr)
LOAD linker stubs

.debug_pubtypes
                0x00000000      0x4d2
 .debug_pubtypes
                0x00000000       0x4c demo.o
 .debug_pubtypes
                0x0000004c       0x40 mbcrc.o
 .debug_pubtypes
                0x0000008c       0x2c portevent.o
 .debug_pubtypes
                0x000000b8       0x52 portserial.o
 .debug_pubtypes
                0x0000010a       0x3f porttimer.o
 .debug_pubtypes
                0x00000149      0x115 mb.o
 .debug_pubtypes
                0x0000025e       0x82 mbrtu.o
 .debug_pubtypes
                0x000002e0       0x12 mbfuncinput.o
 .debug_pubtypes
                0x000002f2       0x49 mbfuncholding.o
 .debug_pubtypes
                0x0000033b       0x49 mbutils.o
 .debug_pubtypes
                0x00000384       0x12 mbfunccoils.o
 .debug_pubtypes
                0x00000396       0x12 mbfuncdisc.o
 .debug_pubtypes
                0x000003a8       0x12 mbfuncother.o
 .debug_pubtypes
                0x000003ba       0x2b softUart.o
 .debug_pubtypes
                0x000003e5       0x48 c:/program files/atmel/avr tools/avr toolchain/bin/../lib/gcc/avr/4.5.1/../../../../avr/lib/avr4\libc.a(printf.o)
 .debug_pubtypes
                0x0000042d       0x53 c:/program files/atmel/avr tools/avr toolchain/bin/../lib/gcc/avr/4.5.1/../../../../avr/lib/avr4\libc.a(vfprintf_std.o)
 .debug_pubtypes
                0x00000480       0x29 c:/program files/atmel/avr tools/avr toolchain/bin/../lib/gcc/avr/4.5.1/../../../../avr/lib/avr4\libc.a(fputc.o)
 .debug_pubtypes
                0x000004a9       0x29 c:/program files/atmel/avr tools/avr toolchain/bin/../lib/gcc/avr/4.5.1/../../../../avr/lib/avr4\libc.a(iob.o)

.debug_ranges   0x00000000       0x48
 .debug_ranges  0x00000000       0x10 c:/program files/atmel/avr tools/avr toolchain/bin/../lib/gcc/avr/4.5.1/../../../../avr/lib/avr4\libc.a(printf.o)
 .debug_ranges  0x00000010       0x28 c:/program files/atmel/avr tools/avr toolchain/bin/../lib/gcc/avr/4.5.1/../../../../avr/lib/avr4\libc.a(vfprintf_std.o)
 .debug_ranges  0x00000038       0x10 c:/program files/atmel/avr tools/avr toolchain/bin/../lib/gcc/avr/4.5.1/../../../../avr/lib/avr4\libc.a(fputc.o)
