Archive member included because of file (symbol)

c:/program files/atmel/avr tools/avr toolchain/bin/../lib/gcc/avr/4.5.1/avr5\libgcc.a(_mulsi3.o)
                              porttimer.o (__mulsi3)
c:/program files/atmel/avr tools/avr toolchain/bin/../lib/gcc/avr/4.5.1/avr5\libgcc.a(_udivmodsi4.o)
                              portserial.o (__udivmodsi4)
c:/program files/atmel/avr tools/avr toolchain/bin/../lib/gcc/avr/4.5.1/avr5\libgcc.a(_exit.o)
                              c:/program files/atmel/avr tools/avr toolchain/bin/../lib/gcc/avr/4.5.1/../../../../avr/lib/avr5/crtm16.o (exit)
c:/program files/atmel/avr tools/avr toolchain/bin/../lib/gcc/avr/4.5.1/avr5\libgcc.a(_copy_data.o)
                              demo.o (__do_copy_data)
c:/program files/atmel/avr tools/avr toolchain/bin/../lib/gcc/avr/4.5.1/avr5\libgcc.a(_clear_bss.o)
                              demo.o (__do_clear_bss)
c:/program files/atmel/avr tools/avr toolchain/bin/../lib/gcc/avr/4.5.1/../../../../avr/lib/avr5\libc.a(memcpy.o)
                              mbfuncother.o (memcpy)

Allocating common symbols
Common symbol       size              file

pxMBFrameCBTransmitterEmpty
                    0x2               mb.o
pxMBPortCBTimerExpired
                    0x2               mb.o
ucRTUBuf            0x100             mbrtu.o
pxMBFrameCBByteReceived
                    0x2               mb.o
pxMBFrameCBTransmitFSMCur
                    0x2               mb.o
pxMBFrameCBReceiveFSMCur
                    0x2               mb.o

Memory Configuration

Name             Origin             Length             Attributes
text             0x00000000         0x00020000         xr
data             0x00800060         0x0000ffa0         rw !x
eeprom           0x00810000         0x00010000         rw !x
fuse             0x00820000         0x00000400         rw !x
lock             0x00830000         0x00000400         rw !x
signature        0x00840000         0x00000400         rw !x
*default*        0x00000000         0xffffffff

Linker script and memory map

LOAD c:/program files/atmel/avr tools/avr toolchain/bin/../lib/gcc/avr/4.5.1/../../../../avr/lib/avr5/crtm16.o
LOAD demo.o
LOAD mbcrc.o
LOAD portevent.o
LOAD portserial.o
LOAD porttimer.o
LOAD mb.o
LOAD mbrtu.o
LOAD mbfuncinput.o
LOAD mbfuncholding.o
LOAD mbutils.o
LOAD mbfunccoils.o
LOAD mbfuncdiag.o
LOAD mbfuncdisc.o
LOAD mbfuncother.o
LOAD c:/program files/atmel/avr tools/avr toolchain/bin/../lib/gcc/avr/4.5.1/avr5\libgcc.a
LOAD c:/program files/atmel/avr tools/avr toolchain/bin/../lib/gcc/avr/4.5.1/../../../../avr/lib/avr5\libc.a
LOAD c:/program files/atmel/avr tools/avr toolchain/bin/../lib/gcc/avr/4.5.1/avr5\libgcc.a

.hash
 *(.hash)

.dynsym
 *(.dynsym)

.dynstr
 *(.dynstr)

.gnu.version
 *(.gnu.version)

.gnu.version_d
 *(.gnu.version_d)

.gnu.version_r
 *(.gnu.version_r)

.rel.init
 *(.rel.init)

.rela.init
 *(.rela.init)

.rel.text
 *(.rel.text)
 *(.rel.text.*)
 *(.rel.gnu.linkonce.t*)

.rela.text
 *(.rela.text)
 *(.rela.text.*)
 *(.rela.gnu.linkonce.t*)

.rel.fini
 *(.rel.fini)

.rela.fini
 *(.rela.fini)

.rel.rodata
 *(.rel.rodata)
 *(.rel.rodata.*)
 *(.rel.gnu.linkonce.r*)

.rela.rodata
 *(.rela.rodata)
 *(.rela.rodata.*)
 *(.rela.gnu.linkonce.r*)

.rel.data
 *(.rel.data)
 *(.rel.data.*)
 *(.rel.gnu.linkonce.d*)

.rela.data
 *(.rela.data)
 *(.rela.data.*)
 *(.rela.gnu.linkonce.d*)

.rel.ctors
 *(.rel.ctors)

.rela.ctors
 *(.rela.ctors)

.rel.dtors
 *(.rel.dtors)

.rela.dtors
 *(.rela.dtors)

.rel.got
 *(.rel.got)

.rela.got
 *(.rela.got)

.rel.bss
 *(.rel.bss)

.rela.bss
 *(.rela.bss)

.rel.plt
 *(.rel.plt)

.rela.plt
 *(.rela.plt)

.text           0x00000000     0x12c2
 *(.vectors)
 .vectors       0x00000000       0x54 c:/program files/atmel/avr tools/avr toolchain/bin/../lib/gcc/avr/4.5.1/../../../../avr/lib/avr5/crtm16.o
                0x00000000                __vector_default
                0x00000000                __vectors
 *(.vectors)
 *(.progmem.gcc*)
 *(.progmem*)
 .progmem.data  0x00000054      0x200 mbcrc.o
                0x00000254                . = ALIGN (0x2)
                0x00000254                __trampolines_start = .
 *(.trampolines)
 .trampolines   0x00000254        0x0 linker stubs
 *(.trampolines*)
                0x00000254                __trampolines_end = .
 *(.jumptables)
 *(.jumptables*)
 *(.lowtext)
 *(.lowtext*)
                0x00000254                __ctors_start = .
 *(.ctors)
                0x00000254                __ctors_end = .
                0x00000254                __dtors_start = .
 *(.dtors)
                0x00000254                __dtors_end = .
 SORT(*)(.ctors)
 SORT(*)(.dtors)
 *(.init0)
 .init0         0x00000254        0x0 c:/program files/atmel/avr tools/avr toolchain/bin/../lib/gcc/avr/4.5.1/../../../../avr/lib/avr5/crtm16.o
                0x00000254                __init
 *(.init0)
 *(.init1)
 *(.init1)
 *(.init2)
 .init2         0x00000254        0xc c:/program files/atmel/avr tools/avr toolchain/bin/../lib/gcc/avr/4.5.1/../../../../avr/lib/avr5/crtm16.o
 *(.init2)
 *(.init3)
 *(.init3)
 *(.init4)
 .init4         0x00000260       0x16 c:/program files/atmel/avr tools/avr toolchain/bin/../lib/gcc/avr/4.5.1/avr5\libgcc.a(_copy_data.o)
                0x00000260                __do_copy_data
 .init4         0x00000276       0x10 c:/program files/atmel/avr tools/avr toolchain/bin/../lib/gcc/avr/4.5.1/avr5\libgcc.a(_clear_bss.o)
                0x00000276                __do_clear_bss
 *(.init4)
 *(.init5)
 *(.init5)
 *(.init6)
 *(.init6)
 *(.init7)
 *(.init7)
 *(.init8)
 *(.init8)
 *(.init9)
 .init9         0x00000286        0x8 c:/program files/atmel/avr tools/avr toolchain/bin/../lib/gcc/avr/4.5.1/../../../../avr/lib/avr5/crtm16.o
 *(.init9)
 *(.text)
 .text          0x0000028e        0x4 c:/program files/atmel/avr tools/avr toolchain/bin/../lib/gcc/avr/4.5.1/../../../../avr/lib/avr5/crtm16.o
                0x0000028e                __vector_1
                0x0000028e                __bad_interrupt
                0x0000028e                __vector_3
                0x0000028e                __vector_17
                0x0000028e                __vector_19
                0x0000028e                __vector_7
                0x0000028e                __vector_5
                0x0000028e                __vector_4
                0x0000028e                __vector_9
                0x0000028e                __vector_2
                0x0000028e                __vector_15
                0x0000028e                __vector_8
                0x0000028e                __vector_14
                0x0000028e                __vector_10
                0x0000028e                __vector_16
                0x0000028e                __vector_18
                0x0000028e                __vector_20
 .text          0x00000292       0xc6 demo.o
                0x00000292                main
                0x00000300                eMBRegInputCB
                0x0000032a                eMBRegHoldingCB
                0x00000350                eMBRegCoilsCB
                0x00000354                eMBRegDiscreteCB
 .text          0x00000358       0x3c mbcrc.o
                0x00000358                usMBCRC16
 .text          0x00000394       0x32 portevent.o
                0x00000394                xMBPortEventInit
                0x0000039c                xMBPortEventPost
                0x000003aa                xMBPortEventGet
 .text          0x000003c6      0x15e portserial.o
                0x000003c6                vMBPortSerialEnable
                0x000003ee                xMBPortSerialInit
                0x00000462                xMBPortSerialPutByte
                0x00000468                xMBPortSerialGetByte
                0x00000472                __vector_12
                0x000004c0                __vector_11
                0x0000050e                __vector_13
 .text          0x00000524       0xb8 porttimer.o
                0x00000524                vMBPortTimersEnable
                0x00000546                vMBPortTimersDisable
                0x0000055a                xMBPortTimersInit
                0x0000058e                __vector_6
 .text          0x000005dc      0x2bc mb.o
                0x000005dc                eMBInit
                0x0000068a                eMBRegisterCB
                0x00000716                eMBClose
                0x00000738                eMBEnable
                0x00000756                eMBDisable
                0x0000077c                eMBPoll
 .text          0x00000898      0x2e6 mbrtu.o
                0x00000898                eMBRTUInit
                0x0000090a                eMBRTUStart
                0x00000920                eMBRTUStop
                0x00000932                eMBRTUReceive
                0x0000099e                eMBRTUSend
                0x00000a38                xMBRTUReceiveFSM
                0x00000aca                xMBRTUTransmitFSM
                0x00000b42                xMBRTUTimerT35Expired
 .text          0x00000b7e       0x9c mbfuncinput.o
                0x00000b7e                eMBFuncReadInputRegister
 .text          0x00000c1a      0x252 mbfuncholding.o
                0x00000c1a                eMBFuncWriteHoldingRegister
                0x00000c56                eMBFuncWriteMultipleHoldingRegister
                0x00000cc2                eMBFuncReadHoldingRegister
                0x00000d56                eMBFuncReadWriteMultipleHoldingRegister
 .text          0x00000e6c       0xce mbutils.o
                0x00000e6c                xMBUtilSetBits
                0x00000ed6                xMBUtilGetBits
                0x00000f26                prveMBError2Exception
 .text          0x00000f3a      0x1a8 mbfunccoils.o
                0x00000f3a                eMBFuncReadCoils
                0x00000fea                eMBFuncWriteCoil
                0x0000105c                eMBFuncWriteMultipleCoils
 .text          0x000010e2        0x0 mbfuncdiag.o
 .text          0x000010e2       0xb0 mbfuncdisc.o
                0x000010e2                eMBFuncReadDiscreteInputs
 .text          0x00001192       0x98 mbfuncother.o
                0x00001192                eMBSetSlaveID
                0x000011e8                eMBFuncReportSlaveID
 .text          0x0000122a        0x0 c:/program files/atmel/avr tools/avr toolchain/bin/../lib/gcc/avr/4.5.1/avr5\libgcc.a(_mulsi3.o)
 .text          0x0000122a        0x0 c:/program files/atmel/avr tools/avr toolchain/bin/../lib/gcc/avr/4.5.1/avr5\libgcc.a(_udivmodsi4.o)
 .text          0x0000122a        0x0 c:/program files/atmel/avr tools/avr toolchain/bin/../lib/gcc/avr/4.5.1/avr5\libgcc.a(_exit.o)
 .text          0x0000122a        0x0 c:/program files/atmel/avr tools/avr toolchain/bin/../lib/gcc/avr/4.5.1/avr5\libgcc.a(_copy_data.o)
 .text          0x0000122a        0x0 c:/program files/atmel/avr tools/avr toolchain/bin/../lib/gcc/avr/4.5.1/avr5\libgcc.a(_clear_bss.o)
 .text          0x0000122a        0x0 c:/program files/atmel/avr tools/avr toolchain/bin/../lib/gcc/avr/4.5.1/../../../../avr/lib/avr5\libc.a(memcpy.o)
                0x0000122a                . = ALIGN (0x2)
 *(.text.*)
 .text.libgcc   0x0000122a       0x3e c:/program files/atmel/avr tools/avr toolchain/bin/../lib/gcc/avr/4.5.1/avr5\libgcc.a(_mulsi3.o)
                0x0000122a                __mulsi3
 .text.libgcc   0x00001268       0x44 c:/program files/atmel/avr tools/avr toolchain/bin/../lib/gcc/avr/4.5.1/avr5\libgcc.a(_udivmodsi4.o)
                0x00001268                __udivmodsi4
 .text.libgcc   0x000012ac        0x0 c:/program files/atmel/avr tools/avr toolchain/bin/../lib/gcc/avr/4.5.1/avr5\libgcc.a(_exit.o)
 .text.libgcc   0x000012ac        0x0 c:/program files/atmel/avr tools/avr toolchain/bin/../lib/gcc/avr/4.5.1/avr5\libgcc.a(_copy_data.o)
 .text.libgcc   0x000012ac        0x0 c:/program files/atmel/avr tools/avr toolchain/bin/../lib/gcc/avr/4.5.1/avr5\libgcc.a(_clear_bss.o)
 .text.avr-libc
                0x000012ac       0x12 c:/program files/atmel/avr tools/avr toolchain/bin/../lib/gcc/avr/4.5.1/../../../../avr/lib/avr5\libc.a(memcpy.o)
                0x000012ac                memcpy
                0x000012be                . = ALIGN (0x2)
 *(.fini9)
 .fini9         0x000012be        0x0 c:/program files/atmel/avr tools/avr toolchain/bin/../lib/gcc/avr/4.5.1/avr5\libgcc.a(_exit.o)
                0x000012be                _exit
                0x000012be                exit
 *(.fini9)
 *(.fini8)
 *(.fini8)
 *(.fini7)
 *(.fini7)
 *(.fini6)
 *(.fini6)
 *(.fini5)
 *(.fini5)
 *(.fini4)
 *(.fini4)
 *(.fini3)
 *(.fini3)
 *(.fini2)
 *(.fini2)
 *(.fini1)
 *(.fini1)
 *(.fini0)
 .fini0         0x000012be        0x4 c:/program files/atmel/avr tools/avr toolchain/bin/../lib/gcc/avr/4.5.1/avr5\libgcc.a(_exit.o)
 *(.fini0)
                0x000012c2                _etext = .

.data           0x00800060       0x40 load address 0x000012c2
                0x00800060                PROVIDE (__data_start, .)
 *(.data)
 .data          0x00800060        0x0 c:/program files/atmel/avr tools/avr toolchain/bin/../lib/gcc/avr/4.5.1/../../../../avr/lib/avr5/crtm16.o
 .data          0x00800060        0x3 demo.o
 .data          0x00800063        0x0 mbcrc.o
 .data          0x00800063        0x0 portevent.o
 .data          0x00800063        0x3 portserial.o
 .data          0x00800066        0x0 porttimer.o
 .data          0x00800066       0x31 mb.o
 .data          0x00800097        0x0 mbrtu.o
 .data          0x00800097        0x0 mbfuncinput.o
 .data          0x00800097        0x0 mbfuncholding.o
 .data          0x00800097        0x8 mbutils.o
 .data          0x0080009f        0x0 mbfunccoils.o
 .data          0x0080009f        0x0 mbfuncdiag.o
 .data          0x0080009f        0x0 mbfuncdisc.o
 .data          0x0080009f        0x0 mbfuncother.o
 .data          0x0080009f        0x0 c:/program files/atmel/avr tools/avr toolchain/bin/../lib/gcc/avr/4.5.1/avr5\libgcc.a(_mulsi3.o)
 .data          0x0080009f        0x0 c:/program files/atmel/avr tools/avr toolchain/bin/../lib/gcc/avr/4.5.1/avr5\libgcc.a(_udivmodsi4.o)
 .data          0x0080009f        0x0 c:/program files/atmel/avr tools/avr toolchain/bin/../lib/gcc/avr/4.5.1/avr5\libgcc.a(_exit.o)
 .data          0x0080009f        0x0 c:/program files/atmel/avr tools/avr toolchain/bin/../lib/gcc/avr/4.5.1/avr5\libgcc.a(_copy_data.o)
 .data          0x0080009f        0x0 c:/program files/atmel/avr tools/avr toolchain/bin/../lib/gcc/avr/4.5.1/avr5\libgcc.a(_clear_bss.o)
 .data          0x0080009f        0x0 c:/program files/atmel/avr tools/avr toolchain/bin/../lib/gcc/avr/4.5.1/../../../../avr/lib/avr5\libc.a(memcpy.o)
 *(.data*)
 *(.rodata)
 *(.rodata*)
 *(.gnu.linkonce.d*)
                0x008000a0                . = ALIGN (0x2)
 *fill*         0x0080009f        0x1 00
                0x008000a0                _edata = .
                0x008000a0                PROVIDE (__data_end, .)

.bss            0x008000a0      0x153
                0x008000a0                PROVIDE (__bss_start, .)
 *(.bss)
 .bss           0x008000a0        0x0 c:/program files/atmel/avr tools/avr toolchain/bin/../lib/gcc/avr/4.5.1/../../../../avr/lib/avr5/crtm16.o
 .bss           0x008000a0        0x8 demo.o
 .bss           0x008000a8        0x0 mbcrc.o
 .bss           0x008000a8        0x2 portevent.o
 .bss           0x008000aa        0x0 portserial.o
 .bss           0x008000aa        0x2 porttimer.o
 .bss           0x008000ac       0x13 mb.o
 .bss           0x008000bf        0x8 mbrtu.o
 .bss           0x008000c7        0x0 mbfuncinput.o
 .bss           0x008000c7        0x0 mbfuncholding.o
 .bss           0x008000c7        0x0 mbutils.o
 .bss           0x008000c7        0x0 mbfunccoils.o
 .bss           0x008000c7        0x0 mbfuncdiag.o
 .bss           0x008000c7        0x0 mbfuncdisc.o
 .bss           0x008000c7       0x22 mbfuncother.o
 .bss           0x008000e9        0x0 c:/program files/atmel/avr tools/avr toolchain/bin/../lib/gcc/avr/4.5.1/avr5\libgcc.a(_mulsi3.o)
 .bss           0x008000e9        0x0 c:/program files/atmel/avr tools/avr toolchain/bin/../lib/gcc/avr/4.5.1/avr5\libgcc.a(_udivmodsi4.o)
 .bss           0x008000e9        0x0 c:/program files/atmel/avr tools/avr toolchain/bin/../lib/gcc/avr/4.5.1/avr5\libgcc.a(_exit.o)
 .bss           0x008000e9        0x0 c:/program files/atmel/avr tools/avr toolchain/bin/../lib/gcc/avr/4.5.1/avr5\libgcc.a(_copy_data.o)
 .bss           0x008000e9        0x0 c:/program files/atmel/avr tools/avr toolchain/bin/../lib/gcc/avr/4.5.1/avr5\libgcc.a(_clear_bss.o)
 .bss           0x008000e9        0x0 c:/program files/atmel/avr tools/avr toolchain/bin/../lib/gcc/avr/4.5.1/../../../../avr/lib/avr5\libc.a(memcpy.o)
 *(.bss*)
 *(COMMON)
 COMMON         0x008000e9        0xa mb.o
                0x008000e9                pxMBFrameCBTransmitterEmpty
                0x008000eb                pxMBPortCBTimerExpired
                0x008000ed                pxMBFrameCBByteReceived
                0x008000ef                pxMBFrameCBTransmitFSMCur
                0x008000f1                pxMBFrameCBReceiveFSMCur
 COMMON         0x008000f3      0x100 mbrtu.o
                0x008000f3                ucRTUBuf
                0x008001f3                PROVIDE (__bss_end, .)
                0x000012c2                __data_load_start = LOADADDR (.data)
                0x00001302                __data_load_end = (__data_load_start + SIZEOF (.data))

.noinit         0x008001f3        0x0
                0x008001f3                PROVIDE (__noinit_start, .)
 *(.noinit*)
                0x008001f3                PROVIDE (__noinit_end, .)
                0x008001f3                _end = .
                0x008001f3                PROVIDE (__heap_start, .)

.eeprom         0x00810000        0x0
 *(.eeprom*)
                0x00810000                __eeprom_end = .

.fuse
 *(.fuse)
 *(.lfuse)
 *(.hfuse)
 *(.efuse)

.lock
 *(.lock*)

.signature
 *(.signature*)

.stab           0x00000000      0x750
 *(.stab)
 .stab          0x00000000      0x6cc c:/program files/atmel/avr tools/avr toolchain/bin/../lib/gcc/avr/4.5.1/../../../../avr/lib/avr5/crtm16.o
 .stab          0x000006cc       0x84 c:/program files/atmel/avr tools/avr toolchain/bin/../lib/gcc/avr/4.5.1/../../../../avr/lib/avr5\libc.a(memcpy.o)
                                 0x90 (size before relaxing)

.stabstr        0x00000000       0xe7
 *(.stabstr)
 .stabstr       0x00000000       0xe7 c:/program files/atmel/avr tools/avr toolchain/bin/../lib/gcc/avr/4.5.1/../../../../avr/lib/avr5/crtm16.o

.stab.excl
 *(.stab.excl)

.stab.exclstr
 *(.stab.exclstr)

.stab.index
 *(.stab.index)

.stab.indexstr
 *(.stab.indexstr)

.comment
 *(.comment)

.debug
 *(.debug)

.line
 *(.line)

.debug_srcinfo
 *(.debug_srcinfo)

.debug_sfnames
 *(.debug_sfnames)

.debug_aranges  0x00000000      0x1a0
 *(.debug_aranges)
 .debug_aranges
                0x00000000       0x20 demo.o
 .debug_aranges
                0x00000020       0x20 mbcrc.o
 .debug_aranges
                0x00000040       0x20 portevent.o
 .debug_aranges
                0x00000060       0x20 portserial.o
 .debug_aranges
                0x00000080       0x20 porttimer.o
 .debug_aranges
                0x000000a0       0x20 mb.o
 .debug_aranges
                0x000000c0       0x20 mbrtu.o
 .debug_aranges
                0x000000e0       0x20 mbfuncinput.o
 .debug_aranges
                0x00000100       0x20 mbfuncholding.o
 .debug_aranges
                0x00000120       0x20 mbutils.o
 .debug_aranges
                0x00000140       0x20 mbfunccoils.o
 .debug_aranges
                0x00000160       0x20 mbfuncdisc.o
 .debug_aranges
                0x00000180       0x20 mbfuncother.o

.debug_pubnames
                0x00000000      0x57a
 *(.debug_pubnames)
 .debug_pubnames
                0x00000000       0x68 demo.o
 .debug_pubnames
                0x00000068       0x20 mbcrc.o
 .debug_pubnames
                0x00000088       0x50 portevent.o
 .debug_pubnames
                0x000000d8       0xa2 portserial.o
 .debug_pubnames
                0x0000017a       0x68 porttimer.o
 .debug_pubnames
                0x000001e2       0xf8 mb.o
 .debug_pubnames
                0x000002da       0xb3 mbrtu.o
 .debug_pubnames
                0x0000038d       0x2f mbfuncinput.o
 .debug_pubnames
                0x000003bc       0xa5 mbfuncholding.o
 .debug_pubnames
                0x00000461       0x52 mbutils.o
 .debug_pubnames
                0x000004b3       0x5a mbfunccoils.o
 .debug_pubnames
                0x0000050d       0x30 mbfuncdisc.o
 .debug_pubnames
                0x0000053d       0x3d mbfuncother.o

.debug_info     0x00000000     0x226e
 *(.debug_info)
 .debug_info    0x00000000      0x32a demo.o
 .debug_info    0x0000032a      0x1a8 mbcrc.o
 .debug_info    0x000004d2      0x154 portevent.o
 .debug_info    0x00000626      0x24e portserial.o
 .debug_info    0x00000874      0x14d porttimer.o
 .debug_info    0x000009c1      0x5f5 mb.o
 .debug_info    0x00000fb6      0x45a mbrtu.o
 .debug_info    0x00001410      0x1ac mbfuncinput.o
 .debug_info    0x000015bc      0x365 mbfuncholding.o
 .debug_info    0x00001921      0x284 mbutils.o
 .debug_info    0x00001ba5      0x2ed mbfunccoils.o
 .debug_info    0x00001e92        0x0 mbfuncdiag.o
 .debug_info    0x00001e92      0x1bb mbfuncdisc.o
 .debug_info    0x0000204d      0x221 mbfuncother.o
 *(.gnu.linkonce.wi.*)

.debug_abbrev   0x00000000      0xaa6
 *(.debug_abbrev)
 .debug_abbrev  0x00000000       0xe0 demo.o
 .debug_abbrev  0x000000e0       0xc0 mbcrc.o
 .debug_abbrev  0x000001a0       0xb3 portevent.o
 .debug_abbrev  0x00000253       0xe2 portserial.o
 .debug_abbrev  0x00000335       0xb3 porttimer.o
 .debug_abbrev  0x000003e8      0x179 mb.o
 .debug_abbrev  0x00000561      0x12a mbrtu.o
 .debug_abbrev  0x0000068b       0x8b mbfuncinput.o
 .debug_abbrev  0x00000716       0xa4 mbfuncholding.o
 .debug_abbrev  0x000007ba       0xe6 mbutils.o
 .debug_abbrev  0x000008a0       0xc5 mbfunccoils.o
 .debug_abbrev  0x00000965        0x1 mbfuncdiag.o
 .debug_abbrev  0x00000966       0x8b mbfuncdisc.o
 .debug_abbrev  0x000009f1       0xb5 mbfuncother.o

.debug_line     0x00000000     0x1882
 *(.debug_line)
 .debug_line    0x00000000      0x1df demo.o
 .debug_line    0x000001df      0x112 mbcrc.o
 .debug_line    0x000002f1       0xd6 portevent.o
 .debug_line    0x000003c7      0x1e3 portserial.o
 .debug_line    0x000005aa      0x18c porttimer.o
 .debug_line    0x00000736      0x357 mb.o
 .debug_line    0x00000a8d      0x316 mbrtu.o
 .debug_line    0x00000da3      0x12d mbfuncinput.o
 .debug_line    0x00000ed0      0x34f mbfuncholding.o
 .debug_line    0x0000121f      0x12f mbutils.o
 .debug_line    0x0000134e      0x28d mbfunccoils.o
 .debug_line    0x000015db       0x24 mbfuncdiag.o
 .debug_line    0x000015ff      0x13c mbfuncdisc.o
 .debug_line    0x0000173b      0x147 mbfuncother.o

.debug_frame    0x00000000      0x3d0
 *(.debug_frame)
 .debug_frame   0x00000000       0x60 demo.o
 .debug_frame   0x00000060       0x20 mbcrc.o
 .debug_frame   0x00000080       0x40 portevent.o
 .debug_frame   0x000000c0       0x80 portserial.o
 .debug_frame   0x00000140       0x50 porttimer.o
 .debug_frame   0x00000190       0x70 mb.o
 .debug_frame   0x00000200       0x90 mbrtu.o
 .debug_frame   0x00000290       0x20 mbfuncinput.o
 .debug_frame   0x000002b0       0x50 mbfuncholding.o
 .debug_frame   0x00000300       0x40 mbutils.o
 .debug_frame   0x00000340       0x40 mbfunccoils.o
 .debug_frame   0x00000380       0x20 mbfuncdisc.o
 .debug_frame   0x000003a0       0x30 mbfuncother.o

.debug_str      0x00000000      0xc7d
 *(.debug_str)
 .debug_str     0x00000000      0x211 demo.o
                                0x24a (size before relaxing)
 .debug_str     0x00000211       0x64 mbcrc.o
                                0x143 (size before relaxing)
 .debug_str     0x00000275       0xb8 portevent.o
                                0x172 (size before relaxing)
 .debug_str     0x0000032d      0x111 portserial.o
                                0x20d (size before relaxing)
 .debug_str     0x0000043e       0xa1 porttimer.o
                                0x178 (size before relaxing)
 .debug_str     0x000004df      0x2cf mb.o
                                0x524 (size before relaxing)
 .debug_str     0x000007ae      0x191 mbrtu.o
                                0x375 (size before relaxing)
 .debug_str     0x0000093f       0x59 mbfuncinput.o
                                0x287 (size before relaxing)
 .debug_str     0x00000998       0xfb mbfuncholding.o
                                0x371 (size before relaxing)
 .debug_str     0x00000a93       0xa3 mbutils.o
                                0x2c2 (size before relaxing)
 .debug_str     0x00000b36       0x90 mbfunccoils.o
                                0x2fb (size before relaxing)
 .debug_str     0x00000bc6       0x38 mbfuncdisc.o
                                0x293 (size before relaxing)
 .debug_str     0x00000bfe       0x7f mbfuncother.o
                                0x2bc (size before relaxing)

.debug_loc      0x00000000     0x17ec
 *(.debug_loc)
 .debug_loc     0x00000000      0x10f demo.o
 .debug_loc     0x0000010f      0x151 mbcrc.o
 .debug_loc     0x00000260       0x91 portevent.o
 .debug_loc     0x000002f1       0xfc portserial.o
 .debug_loc     0x000003ed       0x28 porttimer.o
 .debug_loc     0x00000415      0x276 mb.o
 .debug_loc     0x0000068b      0x2cc mbrtu.o
 .debug_loc     0x00000957      0x13e mbfuncinput.o
 .debug_loc     0x00000a95      0x557 mbfuncholding.o
 .debug_loc     0x00000fec      0x1a6 mbutils.o
 .debug_loc     0x00001192      0x395 mbfunccoils.o
 .debug_loc     0x00001527      0x194 mbfuncdisc.o
 .debug_loc     0x000016bb      0x131 mbfuncother.o

.debug_macinfo
 *(.debug_macinfo)
OUTPUT(berlios_1.elf elf32-avr)
LOAD linker stubs

.debug_pubtypes
                0x00000000      0x4b6
 .debug_pubtypes
                0x00000000       0x58 demo.o
 .debug_pubtypes
                0x00000058       0x40 mbcrc.o
 .debug_pubtypes
                0x00000098       0x2c portevent.o
 .debug_pubtypes
                0x000000c4       0x52 portserial.o
 .debug_pubtypes
                0x00000116       0x3f porttimer.o
 .debug_pubtypes
                0x00000155      0x115 mb.o
 .debug_pubtypes
                0x0000026a       0x82 mbrtu.o
 .debug_pubtypes
                0x000002ec       0x49 mbfuncinput.o
 .debug_pubtypes
                0x00000335       0x49 mbfuncholding.o
 .debug_pubtypes
                0x0000037e       0x49 mbutils.o
 .debug_pubtypes
                0x000003c7       0x49 mbfunccoils.o
 .debug_pubtypes
                0x00000410       0x49 mbfuncdisc.o
 .debug_pubtypes
                0x00000459       0x5d mbfuncother.o
