Archive member included because of file (symbol)

c:/program files/atmel/avr tools/avr toolchain/bin/../lib/gcc/avr/4.5.1/avr5\libgcc.a(_mulsi3.o)
                              porttimer.o (__mulsi3)
c:/program files/atmel/avr tools/avr toolchain/bin/../lib/gcc/avr/4.5.1/avr5\libgcc.a(_udivmodsi4.o)
                              mbrtu.o (__udivmodsi4)
c:/program files/atmel/avr tools/avr toolchain/bin/../lib/gcc/avr/4.5.1/avr5\libgcc.a(_exit.o)
                              c:/program files/atmel/avr tools/avr toolchain/bin/../lib/gcc/avr/4.5.1/../../../../avr/lib/avr5/crtm16.o (exit)
c:/program files/atmel/avr tools/avr toolchain/bin/../lib/gcc/avr/4.5.1/avr5\libgcc.a(_copy_data.o)
                              mb.o (__do_copy_data)
c:/program files/atmel/avr tools/avr toolchain/bin/../lib/gcc/avr/4.5.1/avr5\libgcc.a(_clear_bss.o)
                              demo.o (__do_clear_bss)

Allocating common symbols
Common symbol       size              file

pxMBFrameCBTransmitterEmpty
                    0x2               mb.o
pxMBPortCBTimerExpired
                    0x2               mb.o
ucRTUBuf            0x100             mbrtu.o
pxMBFrameCBByteReceived
                    0x2               mb.o
pxMBFrameCBTransmitFSMCur
                    0x2               mb.o
pxMBFrameCBReceiveFSMCur
                    0x2               mb.o

Memory Configuration

Name             Origin             Length             Attributes
text             0x00000000         0x00020000         xr
data             0x00800060         0x0000ffa0         rw !x
eeprom           0x00810000         0x00010000         rw !x
fuse             0x00820000         0x00000400         rw !x
lock             0x00830000         0x00000400         rw !x
signature        0x00840000         0x00000400         rw !x
*default*        0x00000000         0xffffffff

Linker script and memory map

LOAD c:/program files/atmel/avr tools/avr toolchain/bin/../lib/gcc/avr/4.5.1/../../../../avr/lib/avr5/crtm16.o
LOAD demo.o
LOAD mb.o
LOAD mbcrc.o
LOAD mbfunccoils.o
LOAD mbfuncdiag.o
LOAD mbfuncdisc.o
LOAD mbfuncholding.o
LOAD mbfuncinput.o
LOAD mbfuncother.o
LOAD mbrtu.o
LOAD mbutils.o
LOAD portevent.o
LOAD portserial.o
LOAD porttimer.o
LOAD c:/program files/atmel/avr tools/avr toolchain/bin/../lib/gcc/avr/4.5.1/avr5\libgcc.a
LOAD c:/program files/atmel/avr tools/avr toolchain/bin/../lib/gcc/avr/4.5.1/../../../../avr/lib/avr5\libc.a
LOAD c:/program files/atmel/avr tools/avr toolchain/bin/../lib/gcc/avr/4.5.1/avr5\libgcc.a

.hash
 *(.hash)

.dynsym
 *(.dynsym)

.dynstr
 *(.dynstr)

.gnu.version
 *(.gnu.version)

.gnu.version_d
 *(.gnu.version_d)

.gnu.version_r
 *(.gnu.version_r)

.rel.init
 *(.rel.init)

.rela.init
 *(.rela.init)

.rel.text
 *(.rel.text)
 *(.rel.text.*)
 *(.rel.gnu.linkonce.t*)

.rela.text
 *(.rela.text)
 *(.rela.text.*)
 *(.rela.gnu.linkonce.t*)

.rel.fini
 *(.rel.fini)

.rela.fini
 *(.rela.fini)

.rel.rodata
 *(.rel.rodata)
 *(.rel.rodata.*)
 *(.rel.gnu.linkonce.r*)

.rela.rodata
 *(.rela.rodata)
 *(.rela.rodata.*)
 *(.rela.gnu.linkonce.r*)

.rel.data
 *(.rel.data)
 *(.rel.data.*)
 *(.rel.gnu.linkonce.d*)

.rela.data
 *(.rela.data)
 *(.rela.data.*)
 *(.rela.gnu.linkonce.d*)

.rel.ctors
 *(.rel.ctors)

.rela.ctors
 *(.rela.ctors)

.rel.dtors
 *(.rel.dtors)

.rela.dtors
 *(.rela.dtors)

.rel.got
 *(.rel.got)

.rela.got
 *(.rela.got)

.rel.bss
 *(.rel.bss)

.rela.bss
 *(.rela.bss)

.rel.plt
 *(.rel.plt)

.rela.plt
 *(.rela.plt)

.text           0x00000000      0xfd4
 *(.vectors)
 .vectors       0x00000000       0x54 c:/program files/atmel/avr tools/avr toolchain/bin/../lib/gcc/avr/4.5.1/../../../../avr/lib/avr5/crtm16.o
                0x00000000                __vector_default
                0x00000000                __vectors
 *(.vectors)
 *(.progmem.gcc*)
 *(.progmem*)
 .progmem.data  0x00000054      0x200 mbcrc.o
                0x00000254                . = ALIGN (0x2)
                0x00000254                __trampolines_start = .
 *(.trampolines)
 .trampolines   0x00000254        0x0 linker stubs
 *(.trampolines*)
                0x00000254                __trampolines_end = .
 *(.jumptables)
 *(.jumptables*)
 *(.lowtext)
 *(.lowtext*)
                0x00000254                __ctors_start = .
 *(.ctors)
                0x00000254                __ctors_end = .
                0x00000254                __dtors_start = .
 *(.dtors)
                0x00000254                __dtors_end = .
 SORT(*)(.ctors)
 SORT(*)(.dtors)
 *(.init0)
 .init0         0x00000254        0x0 c:/program files/atmel/avr tools/avr toolchain/bin/../lib/gcc/avr/4.5.1/../../../../avr/lib/avr5/crtm16.o
                0x00000254                __init
 *(.init0)
 *(.init1)
 *(.init1)
 *(.init2)
 .init2         0x00000254        0xc c:/program files/atmel/avr tools/avr toolchain/bin/../lib/gcc/avr/4.5.1/../../../../avr/lib/avr5/crtm16.o
 *(.init2)
 *(.init3)
 *(.init3)
 *(.init4)
 .init4         0x00000260       0x16 c:/program files/atmel/avr tools/avr toolchain/bin/../lib/gcc/avr/4.5.1/avr5\libgcc.a(_copy_data.o)
                0x00000260                __do_copy_data
 .init4         0x00000276       0x10 c:/program files/atmel/avr tools/avr toolchain/bin/../lib/gcc/avr/4.5.1/avr5\libgcc.a(_clear_bss.o)
                0x00000276                __do_clear_bss
 *(.init4)
 *(.init5)
 *(.init5)
 *(.init6)
 *(.init6)
 *(.init7)
 *(.init7)
 *(.init8)
 *(.init8)
 *(.init9)
 .init9         0x00000286        0x8 c:/program files/atmel/avr tools/avr toolchain/bin/../lib/gcc/avr/4.5.1/../../../../avr/lib/avr5/crtm16.o
 *(.init9)
 *(.text)
 .text          0x0000028e        0x4 c:/program files/atmel/avr tools/avr toolchain/bin/../lib/gcc/avr/4.5.1/../../../../avr/lib/avr5/crtm16.o
                0x0000028e                __vector_1
                0x0000028e                __bad_interrupt
                0x0000028e                __vector_3
                0x0000028e                __vector_17
                0x0000028e                __vector_19
                0x0000028e                __vector_7
                0x0000028e                __vector_5
                0x0000028e                __vector_4
                0x0000028e                __vector_9
                0x0000028e                __vector_2
                0x0000028e                __vector_15
                0x0000028e                __vector_8
                0x0000028e                __vector_14
                0x0000028e                __vector_10
                0x0000028e                __vector_16
                0x0000028e                __vector_18
                0x0000028e                __vector_20
 .text          0x00000292      0x176 demo.o
                0x00000292                reg_init
                0x000002a0                reg_put_data
                0x000002c8                inreg_init
                0x000002d2                inreg_get_data
                0x0000032e                main
                0x00000398                eMBRegHoldingCB
 .text          0x00000408      0x2bc mb.o
                0x00000408                eMBInit
                0x000004b6                eMBRegisterCB
                0x00000542                eMBClose
                0x00000564                eMBEnable
                0x00000582                eMBDisable
                0x000005a8                eMBPoll
 .text          0x000006c4       0x3c mbcrc.o
                0x000006c4                usMBCRC16
 .text          0x00000700        0x0 mbfunccoils.o
 .text          0x00000700        0x0 mbfuncdiag.o
 .text          0x00000700        0x0 mbfuncdisc.o
 .text          0x00000700      0x252 mbfuncholding.o
                0x00000700                eMBFuncWriteHoldingRegister
                0x0000073c                eMBFuncWriteMultipleHoldingRegister
                0x000007a8                eMBFuncReadHoldingRegister
                0x0000083c                eMBFuncReadWriteMultipleHoldingRegister
 .text          0x00000952        0x0 mbfuncinput.o
 .text          0x00000952        0x0 mbfuncother.o
 .text          0x00000952      0x2e6 mbrtu.o
                0x00000952                eMBRTUInit
                0x000009c4                eMBRTUStart
                0x000009da                eMBRTUStop
                0x000009ec                eMBRTUReceive
                0x00000a58                eMBRTUSend
                0x00000af2                xMBRTUReceiveFSM
                0x00000b84                xMBRTUTransmitFSM
                0x00000bfc                xMBRTUTimerT35Expired
 .text          0x00000c38       0xce mbutils.o
                0x00000c38                xMBUtilSetBits
                0x00000ca2                xMBUtilGetBits
                0x00000cf2                prveMBError2Exception
 .text          0x00000d06       0x32 portevent.o
                0x00000d06                xMBPortEventInit
                0x00000d0e                xMBPortEventPost
                0x00000d1c                xMBPortEventGet
 .text          0x00000d38      0x15e portserial.o
                0x00000d38                vMBPortSerialEnable
                0x00000d60                xMBPortSerialInit
                0x00000dd4                xMBPortSerialPutByte
                0x00000dda                xMBPortSerialGetByte
                0x00000de4                __vector_12
                0x00000e32                __vector_11
                0x00000e80                __vector_13
 .text          0x00000e96       0xb8 porttimer.o
                0x00000e96                vMBPortTimersEnable
                0x00000eb8                vMBPortTimersDisable
                0x00000ecc                xMBPortTimersInit
                0x00000f00                __vector_6
 .text          0x00000f4e        0x0 c:/program files/atmel/avr tools/avr toolchain/bin/../lib/gcc/avr/4.5.1/avr5\libgcc.a(_mulsi3.o)
 .text          0x00000f4e        0x0 c:/program files/atmel/avr tools/avr toolchain/bin/../lib/gcc/avr/4.5.1/avr5\libgcc.a(_udivmodsi4.o)
 .text          0x00000f4e        0x0 c:/program files/atmel/avr tools/avr toolchain/bin/../lib/gcc/avr/4.5.1/avr5\libgcc.a(_exit.o)
 .text          0x00000f4e        0x0 c:/program files/atmel/avr tools/avr toolchain/bin/../lib/gcc/avr/4.5.1/avr5\libgcc.a(_copy_data.o)
 .text          0x00000f4e        0x0 c:/program files/atmel/avr tools/avr toolchain/bin/../lib/gcc/avr/4.5.1/avr5\libgcc.a(_clear_bss.o)
                0x00000f4e                . = ALIGN (0x2)
 *(.text.*)
 .text.libgcc   0x00000f4e       0x3e c:/program files/atmel/avr tools/avr toolchain/bin/../lib/gcc/avr/4.5.1/avr5\libgcc.a(_mulsi3.o)
                0x00000f4e                __mulsi3
 .text.libgcc   0x00000f8c       0x44 c:/program files/atmel/avr tools/avr toolchain/bin/../lib/gcc/avr/4.5.1/avr5\libgcc.a(_udivmodsi4.o)
                0x00000f8c                __udivmodsi4
 .text.libgcc   0x00000fd0        0x0 c:/program files/atmel/avr tools/avr toolchain/bin/../lib/gcc/avr/4.5.1/avr5\libgcc.a(_exit.o)
 .text.libgcc   0x00000fd0        0x0 c:/program files/atmel/avr tools/avr toolchain/bin/../lib/gcc/avr/4.5.1/avr5\libgcc.a(_copy_data.o)
 .text.libgcc   0x00000fd0        0x0 c:/program files/atmel/avr tools/avr toolchain/bin/../lib/gcc/avr/4.5.1/avr5\libgcc.a(_clear_bss.o)
                0x00000fd0                . = ALIGN (0x2)
 *(.fini9)
 .fini9         0x00000fd0        0x0 c:/program files/atmel/avr tools/avr toolchain/bin/../lib/gcc/avr/4.5.1/avr5\libgcc.a(_exit.o)
                0x00000fd0                _exit
                0x00000fd0                exit
 *(.fini9)
 *(.fini8)
 *(.fini8)
 *(.fini7)
 *(.fini7)
 *(.fini6)
 *(.fini6)
 *(.fini5)
 *(.fini5)
 *(.fini4)
 *(.fini4)
 *(.fini3)
 *(.fini3)
 *(.fini2)
 *(.fini2)
 *(.fini1)
 *(.fini1)
 *(.fini0)
 .fini0         0x00000fd0        0x4 c:/program files/atmel/avr tools/avr toolchain/bin/../lib/gcc/avr/4.5.1/avr5\libgcc.a(_exit.o)
 *(.fini0)
                0x00000fd4                _etext = .

.data           0x00800060       0x3c load address 0x00000fd4
                0x00800060                PROVIDE (__data_start, .)
 *(.data)
 .data          0x00800060        0x0 c:/program files/atmel/avr tools/avr toolchain/bin/../lib/gcc/avr/4.5.1/../../../../avr/lib/avr5/crtm16.o
 .data          0x00800060        0x0 demo.o
 .data          0x00800060       0x31 mb.o
 .data          0x00800091        0x0 mbcrc.o
 .data          0x00800091        0x0 mbfunccoils.o
 .data          0x00800091        0x0 mbfuncdiag.o
 .data          0x00800091        0x0 mbfuncdisc.o
 .data          0x00800091        0x0 mbfuncholding.o
 .data          0x00800091        0x0 mbfuncinput.o
 .data          0x00800091        0x0 mbfuncother.o
 .data          0x00800091        0x0 mbrtu.o
 .data          0x00800091        0x8 mbutils.o
 .data          0x00800099        0x0 portevent.o
 .data          0x00800099        0x3 portserial.o
 .data          0x0080009c        0x0 porttimer.o
 .data          0x0080009c        0x0 c:/program files/atmel/avr tools/avr toolchain/bin/../lib/gcc/avr/4.5.1/avr5\libgcc.a(_mulsi3.o)
 .data          0x0080009c        0x0 c:/program files/atmel/avr tools/avr toolchain/bin/../lib/gcc/avr/4.5.1/avr5\libgcc.a(_udivmodsi4.o)
 .data          0x0080009c        0x0 c:/program files/atmel/avr tools/avr toolchain/bin/../lib/gcc/avr/4.5.1/avr5\libgcc.a(_exit.o)
 .data          0x0080009c        0x0 c:/program files/atmel/avr tools/avr toolchain/bin/../lib/gcc/avr/4.5.1/avr5\libgcc.a(_copy_data.o)
 .data          0x0080009c        0x0 c:/program files/atmel/avr tools/avr toolchain/bin/../lib/gcc/avr/4.5.1/avr5\libgcc.a(_clear_bss.o)
 *(.data*)
 *(.rodata)
 *(.rodata*)
 *(.gnu.linkonce.d*)
                0x0080009c                . = ALIGN (0x2)
                0x0080009c                _edata = .
                0x0080009c                PROVIDE (__data_end, .)

.bss            0x0080009c      0x1ad
                0x0080009c                PROVIDE (__bss_start, .)
 *(.bss)
 .bss           0x0080009c        0x0 c:/program files/atmel/avr tools/avr toolchain/bin/../lib/gcc/avr/4.5.1/../../../../avr/lib/avr5/crtm16.o
 .bss           0x0080009c       0x84 demo.o
 .bss           0x00800120       0x13 mb.o
 .bss           0x00800133        0x0 mbcrc.o
 .bss           0x00800133        0x0 mbfunccoils.o
 .bss           0x00800133        0x0 mbfuncdiag.o
 .bss           0x00800133        0x0 mbfuncdisc.o
 .bss           0x00800133        0x0 mbfuncholding.o
 .bss           0x00800133        0x0 mbfuncinput.o
 .bss           0x00800133        0x0 mbfuncother.o
 .bss           0x00800133        0x8 mbrtu.o
 .bss           0x0080013b        0x0 mbutils.o
 .bss           0x0080013b        0x2 portevent.o
 .bss           0x0080013d        0x0 portserial.o
 .bss           0x0080013d        0x2 porttimer.o
 .bss           0x0080013f        0x0 c:/program files/atmel/avr tools/avr toolchain/bin/../lib/gcc/avr/4.5.1/avr5\libgcc.a(_mulsi3.o)
 .bss           0x0080013f        0x0 c:/program files/atmel/avr tools/avr toolchain/bin/../lib/gcc/avr/4.5.1/avr5\libgcc.a(_udivmodsi4.o)
 .bss           0x0080013f        0x0 c:/program files/atmel/avr tools/avr toolchain/bin/../lib/gcc/avr/4.5.1/avr5\libgcc.a(_exit.o)
 .bss           0x0080013f        0x0 c:/program files/atmel/avr tools/avr toolchain/bin/../lib/gcc/avr/4.5.1/avr5\libgcc.a(_copy_data.o)
 .bss           0x0080013f        0x0 c:/program files/atmel/avr tools/avr toolchain/bin/../lib/gcc/avr/4.5.1/avr5\libgcc.a(_clear_bss.o)
 *(.bss*)
 *(COMMON)
 COMMON         0x0080013f        0xa mb.o
                0x0080013f                pxMBFrameCBTransmitterEmpty
                0x00800141                pxMBPortCBTimerExpired
                0x00800143                pxMBFrameCBByteReceived
                0x00800145                pxMBFrameCBTransmitFSMCur
                0x00800147                pxMBFrameCBReceiveFSMCur
 COMMON         0x00800149      0x100 mbrtu.o
                0x00800149                ucRTUBuf
                0x00800249                PROVIDE (__bss_end, .)
                0x00000fd4                __data_load_start = LOADADDR (.data)
                0x00001010                __data_load_end = (__data_load_start + SIZEOF (.data))

.noinit         0x00800249        0x0
                0x00800249                PROVIDE (__noinit_start, .)
 *(.noinit*)
                0x00800249                PROVIDE (__noinit_end, .)
                0x00800249                _end = .
                0x00800249                PROVIDE (__heap_start, .)

.eeprom         0x00810000        0x0
 *(.eeprom*)
                0x00810000                __eeprom_end = .

.fuse
 *(.fuse)
 *(.lfuse)
 *(.hfuse)
 *(.efuse)

.lock
 *(.lock*)

.signature
 *(.signature*)

.stab           0x00000000      0x6cc
 *(.stab)
 .stab          0x00000000      0x6cc c:/program files/atmel/avr tools/avr toolchain/bin/../lib/gcc/avr/4.5.1/../../../../avr/lib/avr5/crtm16.o

.stabstr        0x00000000       0x85
 *(.stabstr)
 .stabstr       0x00000000       0x85 c:/program files/atmel/avr tools/avr toolchain/bin/../lib/gcc/avr/4.5.1/../../../../avr/lib/avr5/crtm16.o

.stab.excl
 *(.stab.excl)

.stab.exclstr
 *(.stab.exclstr)

.stab.index
 *(.stab.index)

.stab.indexstr
 *(.stab.indexstr)

.comment
 *(.comment)

.debug
 *(.debug)

.line
 *(.line)

.debug_srcinfo
 *(.debug_srcinfo)

.debug_sfnames
 *(.debug_sfnames)

.debug_aranges  0x00000000      0x120
 *(.debug_aranges)
 .debug_aranges
                0x00000000       0x20 demo.o
 .debug_aranges
                0x00000020       0x20 mb.o
 .debug_aranges
                0x00000040       0x20 mbcrc.o
 .debug_aranges
                0x00000060       0x20 mbfuncholding.o
 .debug_aranges
                0x00000080       0x20 mbrtu.o
 .debug_aranges
                0x000000a0       0x20 mbutils.o
 .debug_aranges
                0x000000c0       0x20 portevent.o
 .debug_aranges
                0x000000e0       0x20 portserial.o
 .debug_aranges
                0x00000100       0x20 porttimer.o

.debug_pubnames
                0x00000000      0x48b
 *(.debug_pubnames)
 .debug_pubnames
                0x00000000       0x6f demo.o
 .debug_pubnames
                0x0000006f       0xf8 mb.o
 .debug_pubnames
                0x00000167       0x20 mbcrc.o
 .debug_pubnames
                0x00000187       0xa5 mbfuncholding.o
 .debug_pubnames
                0x0000022c       0xb3 mbrtu.o
 .debug_pubnames
                0x000002df       0x52 mbutils.o
 .debug_pubnames
                0x00000331       0x50 portevent.o
 .debug_pubnames
                0x00000381       0xa2 portserial.o
 .debug_pubnames
                0x00000423       0x68 porttimer.o

.debug_info     0x00000000     0x1d25
 *(.debug_info)
 .debug_info    0x00000000      0x48a demo.o
 .debug_info    0x0000048a      0x5f5 mb.o
 .debug_info    0x00000a7f      0x1a8 mbcrc.o
 .debug_info    0x00000c27       0x73 mbfunccoils.o
 .debug_info    0x00000c9a        0x0 mbfuncdiag.o
 .debug_info    0x00000c9a       0x73 mbfuncdisc.o
 .debug_info    0x00000d0d      0x365 mbfuncholding.o
 .debug_info    0x00001072       0x73 mbfuncinput.o
 .debug_info    0x000010e5       0x73 mbfuncother.o
 .debug_info    0x00001158      0x45a mbrtu.o
 .debug_info    0x000015b2      0x284 mbutils.o
 .debug_info    0x00001836      0x154 portevent.o
 .debug_info    0x0000198a      0x24e portserial.o
 .debug_info    0x00001bd8      0x14d porttimer.o
 *(.gnu.linkonce.wi.*)

.debug_abbrev   0x00000000      0x9a3
 *(.debug_abbrev)
 .debug_abbrev  0x00000000      0x1c5 demo.o
 .debug_abbrev  0x000001c5      0x179 mb.o
 .debug_abbrev  0x0000033e       0xc0 mbcrc.o
 .debug_abbrev  0x000003fe       0x2a mbfunccoils.o
 .debug_abbrev  0x00000428        0x1 mbfuncdiag.o
 .debug_abbrev  0x00000429       0x2a mbfuncdisc.o
 .debug_abbrev  0x00000453       0xa4 mbfuncholding.o
 .debug_abbrev  0x000004f7       0x2a mbfuncinput.o
 .debug_abbrev  0x00000521       0x2a mbfuncother.o
 .debug_abbrev  0x0000054b      0x12a mbrtu.o
 .debug_abbrev  0x00000675       0xe6 mbutils.o
 .debug_abbrev  0x0000075b       0xb3 portevent.o
 .debug_abbrev  0x0000080e       0xe2 portserial.o
 .debug_abbrev  0x000008f0       0xb3 porttimer.o

.debug_line     0x00000000     0x14f8
 *(.debug_line)
 .debug_line    0x00000000      0x39a demo.o
 .debug_line    0x0000039a      0x357 mb.o
 .debug_line    0x000006f1      0x112 mbcrc.o
 .debug_line    0x00000803       0x3e mbfunccoils.o
 .debug_line    0x00000841       0x24 mbfuncdiag.o
 .debug_line    0x00000865       0x3e mbfuncdisc.o
 .debug_line    0x000008a3      0x34f mbfuncholding.o
 .debug_line    0x00000bf2       0x3e mbfuncinput.o
 .debug_line    0x00000c30       0x3e mbfuncother.o
 .debug_line    0x00000c6e      0x316 mbrtu.o
 .debug_line    0x00000f84      0x12f mbutils.o
 .debug_line    0x000010b3       0xd6 portevent.o
 .debug_line    0x00001189      0x1e3 portserial.o
 .debug_line    0x0000136c      0x18c porttimer.o

.debug_frame    0x00000000      0x330
 *(.debug_frame)
 .debug_frame   0x00000000       0x70 demo.o
 .debug_frame   0x00000070       0x70 mb.o
 .debug_frame   0x000000e0       0x20 mbcrc.o
 .debug_frame   0x00000100       0x50 mbfuncholding.o
 .debug_frame   0x00000150       0x90 mbrtu.o
 .debug_frame   0x000001e0       0x40 mbutils.o
 .debug_frame   0x00000220       0x40 portevent.o
 .debug_frame   0x00000260       0x80 portserial.o
 .debug_frame   0x000002e0       0x50 porttimer.o

.debug_str      0x00000000      0xbaf
 *(.debug_str)
 .debug_str     0x00000000      0x271 demo.o
                                0x2c1 (size before relaxing)
 .debug_str     0x00000271      0x38a mb.o
                                0x524 (size before relaxing)
 .debug_str     0x000005fb       0x64 mbcrc.o
                                0x143 (size before relaxing)
 .debug_str     0x0000065f       0x11 mbfunccoils.o
                                 0xcb (size before relaxing)
 .debug_str     0x00000670       0x10 mbfuncdisc.o
                                 0xca (size before relaxing)
 .debug_str     0x00000680      0x12a mbfuncholding.o
                                0x371 (size before relaxing)
 .debug_str     0x000007aa       0x11 mbfuncinput.o
                                 0xcb (size before relaxing)
 .debug_str     0x000007bb       0x11 mbfuncother.o
                                 0xcb (size before relaxing)
 .debug_str     0x000007cc      0x191 mbrtu.o
                                0x375 (size before relaxing)
 .debug_str     0x0000095d       0xa3 mbutils.o
                                0x2c2 (size before relaxing)
 .debug_str     0x00000a00       0x6b portevent.o
                                0x172 (size before relaxing)
 .debug_str     0x00000a6b       0xba portserial.o
                                0x20d (size before relaxing)
 .debug_str     0x00000b25       0x8a porttimer.o
                                0x178 (size before relaxing)

.debug_loc      0x00000000     0x10fe
 *(.debug_loc)
 .debug_loc     0x00000000      0x1b9 demo.o
 .debug_loc     0x000001b9      0x276 mb.o
 .debug_loc     0x0000042f      0x151 mbcrc.o
 .debug_loc     0x00000580      0x557 mbfuncholding.o
 .debug_loc     0x00000ad7      0x2cc mbrtu.o
 .debug_loc     0x00000da3      0x1a6 mbutils.o
 .debug_loc     0x00000f49       0x91 portevent.o
 .debug_loc     0x00000fda       0xfc portserial.o
 .debug_loc     0x000010d6       0x28 porttimer.o

.debug_macinfo
 *(.debug_macinfo)
OUTPUT(berlios_1.elf elf32-avr)
LOAD linker stubs

.debug_pubtypes
                0x00000000      0x3d3
 .debug_pubtypes
                0x00000000       0x65 demo.o
 .debug_pubtypes
                0x00000065      0x115 mb.o
 .debug_pubtypes
                0x0000017a       0x40 mbcrc.o
 .debug_pubtypes
                0x000001ba       0x12 mbfunccoils.o
 .debug_pubtypes
                0x000001cc       0x12 mbfuncdisc.o
 .debug_pubtypes
                0x000001de       0x49 mbfuncholding.o
 .debug_pubtypes
                0x00000227       0x12 mbfuncinput.o
 .debug_pubtypes
                0x00000239       0x12 mbfuncother.o
 .debug_pubtypes
                0x0000024b       0x82 mbrtu.o
 .debug_pubtypes
                0x000002cd       0x49 mbutils.o
 .debug_pubtypes
                0x00000316       0x2c portevent.o
 .debug_pubtypes
                0x00000342       0x52 portserial.o
 .debug_pubtypes
                0x00000394       0x3f porttimer.o
