Archive member included because of file (symbol)

c:/program files/atmel/avr tools/avr toolchain/bin/../lib/gcc/avr/4.5.1/avr4\libgcc.a(_mulsi3.o)
                              porttimer.o (__mulsi3)
c:/program files/atmel/avr tools/avr toolchain/bin/../lib/gcc/avr/4.5.1/avr4\libgcc.a(_udivmodsi4.o)
                              portserial.o (__udivmodsi4)
c:/program files/atmel/avr tools/avr toolchain/bin/../lib/gcc/avr/4.5.1/avr4\libgcc.a(_exit.o)
                              c:/program files/atmel/avr tools/avr toolchain/bin/../lib/gcc/avr/4.5.1/../../../../avr/lib/avr4/crtm8.o (exit)
c:/program files/atmel/avr tools/avr toolchain/bin/../lib/gcc/avr/4.5.1/avr4\libgcc.a(_copy_data.o)
                              portserial.o (__do_copy_data)
c:/program files/atmel/avr tools/avr toolchain/bin/../lib/gcc/avr/4.5.1/avr4\libgcc.a(_clear_bss.o)
                              demo.o (__do_clear_bss)

Allocating common symbols
Common symbol       size              file

pxMBFrameCBTransmitterEmpty
                    0x2               mb.o
pxMBPortCBTimerExpired
                    0x2               mb.o
ucRTUBuf            0x100             mbrtu.o
pxMBFrameCBByteReceived
                    0x2               mb.o
pxMBFrameCBTransmitFSMCur
                    0x2               mb.o
pxMBFrameCBReceiveFSMCur
                    0x2               mb.o

Memory Configuration

Name             Origin             Length             Attributes
text             0x00000000         0x00002000         xr
data             0x00800060         0x0000ffa0         rw !x
eeprom           0x00810000         0x00010000         rw !x
fuse             0x00820000         0x00000400         rw !x
lock             0x00830000         0x00000400         rw !x
signature        0x00840000         0x00000400         rw !x
*default*        0x00000000         0xffffffff

Linker script and memory map

LOAD c:/program files/atmel/avr tools/avr toolchain/bin/../lib/gcc/avr/4.5.1/../../../../avr/lib/avr4/crtm8.o
LOAD demo.o
LOAD mbcrc.o
LOAD portevent.o
LOAD portserial.o
LOAD porttimer.o
LOAD mb.o
LOAD mbrtu.o
LOAD mbfuncinput.o
LOAD mbfuncholding.o
LOAD mbutils.o
LOAD mbfunccoils.o
LOAD mbfuncdiag.o
LOAD mbfuncdisc.o
LOAD mbfuncother.o
LOAD c:/program files/atmel/avr tools/avr toolchain/bin/../lib/gcc/avr/4.5.1/avr4\libgcc.a
LOAD c:/program files/atmel/avr tools/avr toolchain/bin/../lib/gcc/avr/4.5.1/../../../../avr/lib/avr4\libc.a
LOAD c:/program files/atmel/avr tools/avr toolchain/bin/../lib/gcc/avr/4.5.1/avr4\libgcc.a

.hash
 *(.hash)

.dynsym
 *(.dynsym)

.dynstr
 *(.dynstr)

.gnu.version
 *(.gnu.version)

.gnu.version_d
 *(.gnu.version_d)

.gnu.version_r
 *(.gnu.version_r)

.rel.init
 *(.rel.init)

.rela.init
 *(.rela.init)

.rel.text
 *(.rel.text)
 *(.rel.text.*)
 *(.rel.gnu.linkonce.t*)

.rela.text
 *(.rela.text)
 *(.rela.text.*)
 *(.rela.gnu.linkonce.t*)

.rel.fini
 *(.rel.fini)

.rela.fini
 *(.rela.fini)

.rel.rodata
 *(.rel.rodata)
 *(.rel.rodata.*)
 *(.rel.gnu.linkonce.r*)

.rela.rodata
 *(.rela.rodata)
 *(.rela.rodata.*)
 *(.rela.gnu.linkonce.r*)

.rel.data
 *(.rel.data)
 *(.rel.data.*)
 *(.rel.gnu.linkonce.d*)

.rela.data
 *(.rela.data)
 *(.rela.data.*)
 *(.rela.gnu.linkonce.d*)

.rel.ctors
 *(.rel.ctors)

.rela.ctors
 *(.rela.ctors)

.rel.dtors
 *(.rel.dtors)

.rela.dtors
 *(.rela.dtors)

.rel.got
 *(.rel.got)

.rela.got
 *(.rela.got)

.rel.bss
 *(.rel.bss)

.rela.bss
 *(.rela.bss)

.rel.plt
 *(.rel.plt)

.rela.plt
 *(.rela.plt)

.text           0x00000000      0xe94
 *(.vectors)
 .vectors       0x00000000       0x26 c:/program files/atmel/avr tools/avr toolchain/bin/../lib/gcc/avr/4.5.1/../../../../avr/lib/avr4/crtm8.o
                0x00000000                __vector_default
                0x00000000                __vectors
 *(.vectors)
 *(.progmem.gcc*)
 *(.progmem*)
 .progmem.data  0x00000026      0x200 mbcrc.o
                0x00000226                . = ALIGN (0x2)
                0x00000226                __trampolines_start = .
 *(.trampolines)
 .trampolines   0x00000226        0x0 linker stubs
 *(.trampolines*)
                0x00000226                __trampolines_end = .
 *(.jumptables)
 *(.jumptables*)
 *(.lowtext)
 *(.lowtext*)
                0x00000226                __ctors_start = .
 *(.ctors)
                0x00000226                __ctors_end = .
                0x00000226                __dtors_start = .
 *(.dtors)
                0x00000226                __dtors_end = .
 SORT(*)(.ctors)
 SORT(*)(.dtors)
 *(.init0)
 .init0         0x00000226        0x0 c:/program files/atmel/avr tools/avr toolchain/bin/../lib/gcc/avr/4.5.1/../../../../avr/lib/avr4/crtm8.o
                0x00000226                __init
 *(.init0)
 *(.init1)
 *(.init1)
 *(.init2)
 .init2         0x00000226        0xc c:/program files/atmel/avr tools/avr toolchain/bin/../lib/gcc/avr/4.5.1/../../../../avr/lib/avr4/crtm8.o
 *(.init2)
 *(.init3)
 *(.init3)
 *(.init4)
 .init4         0x00000232       0x16 c:/program files/atmel/avr tools/avr toolchain/bin/../lib/gcc/avr/4.5.1/avr4\libgcc.a(_copy_data.o)
                0x00000232                __do_copy_data
 .init4         0x00000248       0x10 c:/program files/atmel/avr tools/avr toolchain/bin/../lib/gcc/avr/4.5.1/avr4\libgcc.a(_clear_bss.o)
                0x00000248                __do_clear_bss
 *(.init4)
 *(.init5)
 *(.init5)
 *(.init6)
 *(.init6)
 *(.init7)
 *(.init7)
 *(.init8)
 *(.init8)
 *(.init9)
 .init9         0x00000258        0x4 c:/program files/atmel/avr tools/avr toolchain/bin/../lib/gcc/avr/4.5.1/../../../../avr/lib/avr4/crtm8.o
 *(.init9)
 *(.text)
 .text          0x0000025c        0x2 c:/program files/atmel/avr tools/avr toolchain/bin/../lib/gcc/avr/4.5.1/../../../../avr/lib/avr4/crtm8.o
                0x0000025c                __vector_1
                0x0000025c                __bad_interrupt
                0x0000025c                __vector_3
                0x0000025c                __vector_17
                0x0000025c                __vector_7
                0x0000025c                __vector_5
                0x0000025c                __vector_4
                0x0000025c                __vector_9
                0x0000025c                __vector_2
                0x0000025c                __vector_15
                0x0000025c                __vector_8
                0x0000025c                __vector_14
                0x0000025c                __vector_10
                0x0000025c                __vector_16
                0x0000025c                __vector_18
 .text          0x0000025e       0xb4 demo.o
                0x0000025e                main
                0x00000288                eMBRegHoldingCB
 .text          0x00000312       0x3c mbcrc.o
                0x00000312                usMBCRC16
 .text          0x0000034e       0x32 portevent.o
                0x0000034e                xMBPortEventInit
                0x00000356                xMBPortEventPost
                0x00000364                xMBPortEventGet
 .text          0x00000380      0x15a portserial.o
                0x00000380                vMBPortSerialEnable
                0x000003a8                xMBPortSerialInit
                0x00000418                xMBPortSerialPutByte
                0x0000041e                xMBPortSerialGetByte
                0x00000428                __vector_12
                0x00000476                __vector_11
                0x000004c4                __vector_13
 .text          0x000004da       0xb2 porttimer.o
                0x000004da                vMBPortTimersEnable
                0x000004fc                vMBPortTimersDisable
                0x00000510                xMBPortTimersInit
                0x0000053e                __vector_6
 .text          0x0000058c      0x2b4 mb.o
                0x0000058c                eMBInit
                0x00000636                eMBRegisterCB
                0x000006c2                eMBClose
                0x000006e4                eMBEnable
                0x00000702                eMBDisable
                0x00000728                eMBPoll
 .text          0x00000840      0x2c2 mbrtu.o
                0x00000840                eMBRTUInit
                0x000008ac                eMBRTUStart
                0x000008be                eMBRTUStop
                0x000008cc                eMBRTUReceive
                0x00000936                eMBRTUSend
                0x000009cc                xMBRTUReceiveFSM
                0x00000a5a                xMBRTUTransmitFSM
                0x00000aca                xMBRTUTimerT35Expired
 .text          0x00000b02        0x0 mbfuncinput.o
 .text          0x00000b02      0x23e mbfuncholding.o
                0x00000b02                eMBFuncWriteHoldingRegister
                0x00000b3a                eMBFuncWriteMultipleHoldingRegister
                0x00000ba2                eMBFuncReadHoldingRegister
                0x00000c32                eMBFuncReadWriteMultipleHoldingRegister
 .text          0x00000d40       0xce mbutils.o
                0x00000d40                xMBUtilSetBits
                0x00000daa                xMBUtilGetBits
                0x00000dfa                prveMBError2Exception
 .text          0x00000e0e        0x0 mbfunccoils.o
 .text          0x00000e0e        0x0 mbfuncdiag.o
 .text          0x00000e0e        0x0 mbfuncdisc.o
 .text          0x00000e0e        0x0 mbfuncother.o
 .text          0x00000e0e        0x0 c:/program files/atmel/avr tools/avr toolchain/bin/../lib/gcc/avr/4.5.1/avr4\libgcc.a(_mulsi3.o)
 .text          0x00000e0e        0x0 c:/program files/atmel/avr tools/avr toolchain/bin/../lib/gcc/avr/4.5.1/avr4\libgcc.a(_udivmodsi4.o)
 .text          0x00000e0e        0x0 c:/program files/atmel/avr tools/avr toolchain/bin/../lib/gcc/avr/4.5.1/avr4\libgcc.a(_exit.o)
 .text          0x00000e0e        0x0 c:/program files/atmel/avr tools/avr toolchain/bin/../lib/gcc/avr/4.5.1/avr4\libgcc.a(_copy_data.o)
 .text          0x00000e0e        0x0 c:/program files/atmel/avr tools/avr toolchain/bin/../lib/gcc/avr/4.5.1/avr4\libgcc.a(_clear_bss.o)
                0x00000e0e                . = ALIGN (0x2)
 *(.text.*)
 .text.libgcc   0x00000e0e       0x3e c:/program files/atmel/avr tools/avr toolchain/bin/../lib/gcc/avr/4.5.1/avr4\libgcc.a(_mulsi3.o)
                0x00000e0e                __mulsi3
 .text.libgcc   0x00000e4c       0x44 c:/program files/atmel/avr tools/avr toolchain/bin/../lib/gcc/avr/4.5.1/avr4\libgcc.a(_udivmodsi4.o)
                0x00000e4c                __udivmodsi4
 .text.libgcc   0x00000e90        0x0 c:/program files/atmel/avr tools/avr toolchain/bin/../lib/gcc/avr/4.5.1/avr4\libgcc.a(_exit.o)
 .text.libgcc   0x00000e90        0x0 c:/program files/atmel/avr tools/avr toolchain/bin/../lib/gcc/avr/4.5.1/avr4\libgcc.a(_copy_data.o)
 .text.libgcc   0x00000e90        0x0 c:/program files/atmel/avr tools/avr toolchain/bin/../lib/gcc/avr/4.5.1/avr4\libgcc.a(_clear_bss.o)
                0x00000e90                . = ALIGN (0x2)
 *(.fini9)
 .fini9         0x00000e90        0x0 c:/program files/atmel/avr tools/avr toolchain/bin/../lib/gcc/avr/4.5.1/avr4\libgcc.a(_exit.o)
                0x00000e90                _exit
                0x00000e90                exit
 *(.fini9)
 *(.fini8)
 *(.fini8)
 *(.fini7)
 *(.fini7)
 *(.fini6)
 *(.fini6)
 *(.fini5)
 *(.fini5)
 *(.fini4)
 *(.fini4)
 *(.fini3)
 *(.fini3)
 *(.fini2)
 *(.fini2)
 *(.fini1)
 *(.fini1)
 *(.fini0)
 .fini0         0x00000e90        0x4 c:/program files/atmel/avr tools/avr toolchain/bin/../lib/gcc/avr/4.5.1/avr4\libgcc.a(_exit.o)
 *(.fini0)
                0x00000e94                _etext = .

.data           0x00800060       0x3c load address 0x00000e94
                0x00800060                PROVIDE (__data_start, .)
 *(.data)
 .data          0x00800060        0x0 c:/program files/atmel/avr tools/avr toolchain/bin/../lib/gcc/avr/4.5.1/../../../../avr/lib/avr4/crtm8.o
 .data          0x00800060        0x0 demo.o
 .data          0x00800060        0x0 mbcrc.o
 .data          0x00800060        0x0 portevent.o
 .data          0x00800060        0x3 portserial.o
 .data          0x00800063        0x0 porttimer.o
 .data          0x00800063       0x31 mb.o
 .data          0x00800094        0x0 mbrtu.o
 .data          0x00800094        0x0 mbfuncinput.o
 .data          0x00800094        0x0 mbfuncholding.o
 .data          0x00800094        0x8 mbutils.o
 .data          0x0080009c        0x0 mbfunccoils.o
 .data          0x0080009c        0x0 mbfuncdiag.o
 .data          0x0080009c        0x0 mbfuncdisc.o
 .data          0x0080009c        0x0 mbfuncother.o
 .data          0x0080009c        0x0 c:/program files/atmel/avr tools/avr toolchain/bin/../lib/gcc/avr/4.5.1/avr4\libgcc.a(_mulsi3.o)
 .data          0x0080009c        0x0 c:/program files/atmel/avr tools/avr toolchain/bin/../lib/gcc/avr/4.5.1/avr4\libgcc.a(_udivmodsi4.o)
 .data          0x0080009c        0x0 c:/program files/atmel/avr tools/avr toolchain/bin/../lib/gcc/avr/4.5.1/avr4\libgcc.a(_exit.o)
 .data          0x0080009c        0x0 c:/program files/atmel/avr tools/avr toolchain/bin/../lib/gcc/avr/4.5.1/avr4\libgcc.a(_copy_data.o)
 .data          0x0080009c        0x0 c:/program files/atmel/avr tools/avr toolchain/bin/../lib/gcc/avr/4.5.1/avr4\libgcc.a(_clear_bss.o)
 *(.data*)
 *(.rodata)
 *(.rodata*)
 *(.gnu.linkonce.d*)
                0x0080009c                . = ALIGN (0x2)
                0x0080009c                _edata = .
                0x0080009c                PROVIDE (__data_end, .)

.bss            0x0080009c      0x1a9
                0x0080009c                PROVIDE (__bss_start, .)
 *(.bss)
 .bss           0x0080009c        0x0 c:/program files/atmel/avr tools/avr toolchain/bin/../lib/gcc/avr/4.5.1/../../../../avr/lib/avr4/crtm8.o
 .bss           0x0080009c       0x80 demo.o
 .bss           0x0080011c        0x0 mbcrc.o
 .bss           0x0080011c        0x2 portevent.o
 .bss           0x0080011e        0x0 portserial.o
 .bss           0x0080011e        0x2 porttimer.o
 .bss           0x00800120       0x13 mb.o
 .bss           0x00800133        0x8 mbrtu.o
 .bss           0x0080013b        0x0 mbfuncinput.o
 .bss           0x0080013b        0x0 mbfuncholding.o
 .bss           0x0080013b        0x0 mbutils.o
 .bss           0x0080013b        0x0 mbfunccoils.o
 .bss           0x0080013b        0x0 mbfuncdiag.o
 .bss           0x0080013b        0x0 mbfuncdisc.o
 .bss           0x0080013b        0x0 mbfuncother.o
 .bss           0x0080013b        0x0 c:/program files/atmel/avr tools/avr toolchain/bin/../lib/gcc/avr/4.5.1/avr4\libgcc.a(_mulsi3.o)
 .bss           0x0080013b        0x0 c:/program files/atmel/avr tools/avr toolchain/bin/../lib/gcc/avr/4.5.1/avr4\libgcc.a(_udivmodsi4.o)
 .bss           0x0080013b        0x0 c:/program files/atmel/avr tools/avr toolchain/bin/../lib/gcc/avr/4.5.1/avr4\libgcc.a(_exit.o)
 .bss           0x0080013b        0x0 c:/program files/atmel/avr tools/avr toolchain/bin/../lib/gcc/avr/4.5.1/avr4\libgcc.a(_copy_data.o)
 .bss           0x0080013b        0x0 c:/program files/atmel/avr tools/avr toolchain/bin/../lib/gcc/avr/4.5.1/avr4\libgcc.a(_clear_bss.o)
 *(.bss*)
 *(COMMON)
 COMMON         0x0080013b        0xa mb.o
                0x0080013b                pxMBFrameCBTransmitterEmpty
                0x0080013d                pxMBPortCBTimerExpired
                0x0080013f                pxMBFrameCBByteReceived
                0x00800141                pxMBFrameCBTransmitFSMCur
                0x00800143                pxMBFrameCBReceiveFSMCur
 COMMON         0x00800145      0x100 mbrtu.o
                0x00800145                ucRTUBuf
                0x00800245                PROVIDE (__bss_end, .)
                0x00000e94                __data_load_start = LOADADDR (.data)
                0x00000ed0                __data_load_end = (__data_load_start + SIZEOF (.data))

.noinit         0x00800245        0x0
                0x00800245                PROVIDE (__noinit_start, .)
 *(.noinit*)
                0x00800245                PROVIDE (__noinit_end, .)
                0x00800245                _end = .
                0x00800245                PROVIDE (__heap_start, .)

.eeprom         0x00810000        0x0
 *(.eeprom*)
                0x00810000                __eeprom_end = .

.fuse
 *(.fuse)
 *(.lfuse)
 *(.hfuse)
 *(.efuse)

.lock
 *(.lock*)

.signature
 *(.signature*)

.stab           0x00000000      0x6cc
 *(.stab)
 .stab          0x00000000      0x6cc c:/program files/atmel/avr tools/avr toolchain/bin/../lib/gcc/avr/4.5.1/../../../../avr/lib/avr4/crtm8.o

.stabstr        0x00000000       0x85
 *(.stabstr)
 .stabstr       0x00000000       0x85 c:/program files/atmel/avr tools/avr toolchain/bin/../lib/gcc/avr/4.5.1/../../../../avr/lib/avr4/crtm8.o

.stab.excl
 *(.stab.excl)

.stab.exclstr
 *(.stab.exclstr)

.stab.index
 *(.stab.index)

.stab.indexstr
 *(.stab.indexstr)

.comment
 *(.comment)

.debug
 *(.debug)

.line
 *(.line)

.debug_srcinfo
 *(.debug_srcinfo)

.debug_sfnames
 *(.debug_sfnames)

.debug_aranges  0x00000000      0x120
 *(.debug_aranges)
 .debug_aranges
                0x00000000       0x20 demo.o
 .debug_aranges
                0x00000020       0x20 mbcrc.o
 .debug_aranges
                0x00000040       0x20 portevent.o
 .debug_aranges
                0x00000060       0x20 portserial.o
 .debug_aranges
                0x00000080       0x20 porttimer.o
 .debug_aranges
                0x000000a0       0x20 mb.o
 .debug_aranges
                0x000000c0       0x20 mbrtu.o
 .debug_aranges
                0x000000e0       0x20 mbfuncholding.o
 .debug_aranges
                0x00000100       0x20 mbutils.o

.debug_pubnames
                0x00000000      0x44b
 *(.debug_pubnames)
 .debug_pubnames
                0x00000000       0x2f demo.o
 .debug_pubnames
                0x0000002f       0x20 mbcrc.o
 .debug_pubnames
                0x0000004f       0x50 portevent.o
 .debug_pubnames
                0x0000009f       0xa2 portserial.o
 .debug_pubnames
                0x00000141       0x68 porttimer.o
 .debug_pubnames
                0x000001a9       0xf8 mb.o
 .debug_pubnames
                0x000002a1       0xb3 mbrtu.o
 .debug_pubnames
                0x00000354       0xa5 mbfuncholding.o
 .debug_pubnames
                0x000003f9       0x52 mbutils.o

.debug_info     0x00000000     0x1af4
 *(.debug_info)
 .debug_info    0x00000000      0x259 demo.o
 .debug_info    0x00000259      0x1a8 mbcrc.o
 .debug_info    0x00000401      0x154 portevent.o
 .debug_info    0x00000555      0x24e portserial.o
 .debug_info    0x000007a3      0x14d porttimer.o
 .debug_info    0x000008f0      0x5f5 mb.o
 .debug_info    0x00000ee5      0x45a mbrtu.o
 .debug_info    0x0000133f       0x73 mbfuncinput.o
 .debug_info    0x000013b2      0x365 mbfuncholding.o
 .debug_info    0x00001717      0x284 mbutils.o
 .debug_info    0x0000199b       0x73 mbfunccoils.o
 .debug_info    0x00001a0e        0x0 mbfuncdiag.o
 .debug_info    0x00001a0e       0x73 mbfuncdisc.o
 .debug_info    0x00001a81       0x73 mbfuncother.o
 *(.gnu.linkonce.wi.*)

.debug_abbrev   0x00000000      0x8ca
 *(.debug_abbrev)
 .debug_abbrev  0x00000000       0xec demo.o
 .debug_abbrev  0x000000ec       0xc0 mbcrc.o
 .debug_abbrev  0x000001ac       0xb3 portevent.o
 .debug_abbrev  0x0000025f       0xe2 portserial.o
 .debug_abbrev  0x00000341       0xb3 porttimer.o
 .debug_abbrev  0x000003f4      0x179 mb.o
 .debug_abbrev  0x0000056d      0x12a mbrtu.o
 .debug_abbrev  0x00000697       0x2a mbfuncinput.o
 .debug_abbrev  0x000006c1       0xa4 mbfuncholding.o
 .debug_abbrev  0x00000765       0xe6 mbutils.o
 .debug_abbrev  0x0000084b       0x2a mbfunccoils.o
 .debug_abbrev  0x00000875        0x1 mbfuncdiag.o
 .debug_abbrev  0x00000876       0x2a mbfuncdisc.o
 .debug_abbrev  0x000008a0       0x2a mbfuncother.o

.debug_line     0x00000000     0x12a5
 *(.debug_line)
 .debug_line    0x00000000      0x147 demo.o
 .debug_line    0x00000147      0x112 mbcrc.o
 .debug_line    0x00000259       0xd6 portevent.o
 .debug_line    0x0000032f      0x1e3 portserial.o
 .debug_line    0x00000512      0x18c porttimer.o
 .debug_line    0x0000069e      0x357 mb.o
 .debug_line    0x000009f5      0x316 mbrtu.o
 .debug_line    0x00000d0b       0x3e mbfuncinput.o
 .debug_line    0x00000d49      0x34f mbfuncholding.o
 .debug_line    0x00001098      0x12f mbutils.o
 .debug_line    0x000011c7       0x3e mbfunccoils.o
 .debug_line    0x00001205       0x24 mbfuncdiag.o
 .debug_line    0x00001229       0x3e mbfuncdisc.o
 .debug_line    0x00001267       0x3e mbfuncother.o

.debug_frame    0x00000000      0x2f0
 *(.debug_frame)
 .debug_frame   0x00000000       0x30 demo.o
 .debug_frame   0x00000030       0x20 mbcrc.o
 .debug_frame   0x00000050       0x40 portevent.o
 .debug_frame   0x00000090       0x80 portserial.o
 .debug_frame   0x00000110       0x50 porttimer.o
 .debug_frame   0x00000160       0x70 mb.o
 .debug_frame   0x000001d0       0x90 mbrtu.o
 .debug_frame   0x00000260       0x50 mbfuncholding.o
 .debug_frame   0x000002b0       0x40 mbutils.o

.debug_str      0x00000000      0xb17
 *(.debug_str)
 .debug_str     0x00000000      0x1d1 demo.o
                                0x20a (size before relaxing)
 .debug_str     0x000001d1       0x6c mbcrc.o
                                0x143 (size before relaxing)
 .debug_str     0x0000023d       0xb8 portevent.o
                                0x172 (size before relaxing)
 .debug_str     0x000002f5      0x111 portserial.o
                                0x20d (size before relaxing)
 .debug_str     0x00000406       0xa1 porttimer.o
                                0x178 (size before relaxing)
 .debug_str     0x000004a7      0x2cf mb.o
                                0x524 (size before relaxing)
 .debug_str     0x00000776      0x191 mbrtu.o
                                0x375 (size before relaxing)
 .debug_str     0x00000907       0x11 mbfuncinput.o
                                 0xcb (size before relaxing)
 .debug_str     0x00000918      0x12a mbfuncholding.o
                                0x371 (size before relaxing)
 .debug_str     0x00000a42       0xa3 mbutils.o
                                0x2c2 (size before relaxing)
 .debug_str     0x00000ae5       0x11 mbfunccoils.o
                                 0xcb (size before relaxing)
 .debug_str     0x00000af6       0x10 mbfuncdisc.o
                                 0xca (size before relaxing)
 .debug_str     0x00000b06       0x11 mbfuncother.o
                                 0xcb (size before relaxing)

.debug_loc      0x00000000     0x108f
 *(.debug_loc)
 .debug_loc     0x00000000      0x14a demo.o
 .debug_loc     0x0000014a      0x151 mbcrc.o
 .debug_loc     0x0000029b       0x91 portevent.o
 .debug_loc     0x0000032c       0xfc portserial.o
 .debug_loc     0x00000428       0x28 porttimer.o
 .debug_loc     0x00000450      0x276 mb.o
 .debug_loc     0x000006c6      0x2cc mbrtu.o
 .debug_loc     0x00000992      0x557 mbfuncholding.o
 .debug_loc     0x00000ee9      0x1a6 mbutils.o

.debug_macinfo
 *(.debug_macinfo)
OUTPUT(berlios_1.elf elf32-avr)
LOAD linker stubs

.debug_pubtypes
                0x00000000      0x3ba
 .debug_pubtypes
                0x00000000       0x4c demo.o
 .debug_pubtypes
                0x0000004c       0x40 mbcrc.o
 .debug_pubtypes
                0x0000008c       0x2c portevent.o
 .debug_pubtypes
                0x000000b8       0x52 portserial.o
 .debug_pubtypes
                0x0000010a       0x3f porttimer.o
 .debug_pubtypes
                0x00000149      0x115 mb.o
 .debug_pubtypes
                0x0000025e       0x82 mbrtu.o
 .debug_pubtypes
                0x000002e0       0x12 mbfuncinput.o
 .debug_pubtypes
                0x000002f2       0x49 mbfuncholding.o
 .debug_pubtypes
                0x0000033b       0x49 mbutils.o
 .debug_pubtypes
                0x00000384       0x12 mbfunccoils.o
 .debug_pubtypes
                0x00000396       0x12 mbfuncdisc.o
 .debug_pubtypes
                0x000003a8       0x12 mbfuncother.o
