Archive member included because of file (symbol)

c:/program files/atmel/avr tools/avr toolchain/bin/../lib/gcc/avr/4.5.1/avr4\libgcc.a(_mulsi3.o)
                              porttimer.o (__mulsi3)
c:/program files/atmel/avr tools/avr toolchain/bin/../lib/gcc/avr/4.5.1/avr4\libgcc.a(_udivmodqi4.o)
                              demo.o (__udivmodqi4)
c:/program files/atmel/avr tools/avr toolchain/bin/../lib/gcc/avr/4.5.1/avr4\libgcc.a(_udivmodsi4.o)
                              mbrtu.o (__udivmodsi4)
c:/program files/atmel/avr tools/avr toolchain/bin/../lib/gcc/avr/4.5.1/avr4\libgcc.a(_exit.o)
                              c:/program files/atmel/avr tools/avr toolchain/bin/../lib/gcc/avr/4.5.1/../../../../avr/lib/avr4/crtm8.o (exit)
c:/program files/atmel/avr tools/avr toolchain/bin/../lib/gcc/avr/4.5.1/avr4\libgcc.a(_copy_data.o)
                              demo.o (__do_copy_data)
c:/program files/atmel/avr tools/avr toolchain/bin/../lib/gcc/avr/4.5.1/avr4\libgcc.a(_clear_bss.o)
                              demo.o (__do_clear_bss)

Allocating common symbols
Common symbol       size              file

pxMBFrameCBTransmitterEmpty
                    0x2               mb.o
pxMBPortCBTimerExpired
                    0x2               mb.o
ucRTUBuf            0x100             mbrtu.o
pxMBFrameCBByteReceived
                    0x2               mb.o
pxMBFrameCBTransmitFSMCur
                    0x2               mb.o
pxMBFrameCBReceiveFSMCur
                    0x2               mb.o

Memory Configuration

Name             Origin             Length             Attributes
text             0x00000000         0x00002000         xr
data             0x00800060         0x0000ffa0         rw !x
eeprom           0x00810000         0x00010000         rw !x
fuse             0x00820000         0x00000400         rw !x
lock             0x00830000         0x00000400         rw !x
signature        0x00840000         0x00000400         rw !x
*default*        0x00000000         0xffffffff

Linker script and memory map

LOAD c:/program files/atmel/avr tools/avr toolchain/bin/../lib/gcc/avr/4.5.1/../../../../avr/lib/avr4/crtm8.o
LOAD demo.o
LOAD mb.o
LOAD mbcrc.o
LOAD mbfunccoils.o
LOAD mbfuncdiag.o
LOAD mbfuncdisc.o
LOAD mbfuncholding.o
LOAD mbfuncinput.o
LOAD mbfuncother.o
LOAD mbrtu.o
LOAD mbutils.o
LOAD portevent.o
LOAD portserial.o
LOAD porttimer.o
LOAD c:/program files/atmel/avr tools/avr toolchain/bin/../lib/gcc/avr/4.5.1/avr4\libgcc.a
LOAD c:/program files/atmel/avr tools/avr toolchain/bin/../lib/gcc/avr/4.5.1/../../../../avr/lib/avr4\libc.a
LOAD c:/program files/atmel/avr tools/avr toolchain/bin/../lib/gcc/avr/4.5.1/avr4\libgcc.a

.hash
 *(.hash)

.dynsym
 *(.dynsym)

.dynstr
 *(.dynstr)

.gnu.version
 *(.gnu.version)

.gnu.version_d
 *(.gnu.version_d)

.gnu.version_r
 *(.gnu.version_r)

.rel.init
 *(.rel.init)

.rela.init
 *(.rela.init)

.rel.text
 *(.rel.text)
 *(.rel.text.*)
 *(.rel.gnu.linkonce.t*)

.rela.text
 *(.rela.text)
 *(.rela.text.*)
 *(.rela.gnu.linkonce.t*)

.rel.fini
 *(.rel.fini)

.rela.fini
 *(.rela.fini)

.rel.rodata
 *(.rel.rodata)
 *(.rel.rodata.*)
 *(.rel.gnu.linkonce.r*)

.rela.rodata
 *(.rela.rodata)
 *(.rela.rodata.*)
 *(.rela.gnu.linkonce.r*)

.rel.data
 *(.rel.data)
 *(.rel.data.*)
 *(.rel.gnu.linkonce.d*)

.rela.data
 *(.rela.data)
 *(.rela.data.*)
 *(.rela.gnu.linkonce.d*)

.rel.ctors
 *(.rel.ctors)

.rela.ctors
 *(.rela.ctors)

.rel.dtors
 *(.rel.dtors)

.rela.dtors
 *(.rela.dtors)

.rel.got
 *(.rel.got)

.rela.got
 *(.rela.got)

.rel.bss
 *(.rel.bss)

.rela.bss
 *(.rela.bss)

.rel.plt
 *(.rel.plt)

.rela.plt
 *(.rela.plt)

.text           0x00000000      0xfca
 *(.vectors)
 .vectors       0x00000000       0x26 c:/program files/atmel/avr tools/avr toolchain/bin/../lib/gcc/avr/4.5.1/../../../../avr/lib/avr4/crtm8.o
                0x00000000                __vector_default
                0x00000000                __vectors
 *(.vectors)
 *(.progmem.gcc*)
 .progmem.gcc_sw_table
                0x00000026       0x14 demo.o
 *(.progmem*)
 .progmem.data  0x0000003a      0x200 mbcrc.o
                0x0000023a                . = ALIGN (0x2)
                0x0000023a                __trampolines_start = .
 *(.trampolines)
 .trampolines   0x0000023a        0x0 linker stubs
 *(.trampolines*)
                0x0000023a                __trampolines_end = .
 *(.jumptables)
 *(.jumptables*)
 *(.lowtext)
 *(.lowtext*)
                0x0000023a                __ctors_start = .
 *(.ctors)
                0x0000023a                __ctors_end = .
                0x0000023a                __dtors_start = .
 *(.dtors)
                0x0000023a                __dtors_end = .
 SORT(*)(.ctors)
 SORT(*)(.dtors)
 *(.init0)
 .init0         0x0000023a        0x0 c:/program files/atmel/avr tools/avr toolchain/bin/../lib/gcc/avr/4.5.1/../../../../avr/lib/avr4/crtm8.o
                0x0000023a                __init
 *(.init0)
 *(.init1)
 *(.init1)
 *(.init2)
 .init2         0x0000023a        0xc c:/program files/atmel/avr tools/avr toolchain/bin/../lib/gcc/avr/4.5.1/../../../../avr/lib/avr4/crtm8.o
 *(.init2)
 *(.init3)
 *(.init3)
 *(.init4)
 .init4         0x00000246       0x16 c:/program files/atmel/avr tools/avr toolchain/bin/../lib/gcc/avr/4.5.1/avr4\libgcc.a(_copy_data.o)
                0x00000246                __do_copy_data
 .init4         0x0000025c       0x10 c:/program files/atmel/avr tools/avr toolchain/bin/../lib/gcc/avr/4.5.1/avr4\libgcc.a(_clear_bss.o)
                0x0000025c                __do_clear_bss
 *(.init4)
 *(.init5)
 *(.init5)
 *(.init6)
 *(.init6)
 *(.init7)
 *(.init7)
 *(.init8)
 *(.init8)
 *(.init9)
 .init9         0x0000026c        0x4 c:/program files/atmel/avr tools/avr toolchain/bin/../lib/gcc/avr/4.5.1/../../../../avr/lib/avr4/crtm8.o
 *(.init9)
 *(.text)
 .text          0x00000270        0x2 c:/program files/atmel/avr tools/avr toolchain/bin/../lib/gcc/avr/4.5.1/../../../../avr/lib/avr4/crtm8.o
                0x00000270                __vector_1
                0x00000270                __bad_interrupt
                0x00000270                __vector_3
                0x00000270                __vector_17
                0x00000270                __vector_7
                0x00000270                __vector_5
                0x00000270                __vector_4
                0x00000270                __vector_9
                0x00000270                __vector_2
                0x00000270                __vector_15
                0x00000270                __vector_8
                0x00000270                __vector_14
                0x00000270                __vector_10
                0x00000270                __vector_16
                0x00000270                __vector_18
 .text          0x00000272      0x1be demo.o
                0x00000272                sSeg_init
                0x00000298                main
                0x00000376                eMBRegHoldingCB
 .text          0x00000430      0x2b4 mb.o
                0x00000430                eMBInit
                0x000004da                eMBRegisterCB
                0x00000566                eMBClose
                0x00000588                eMBEnable
                0x000005a6                eMBDisable
                0x000005cc                eMBPoll
 .text          0x000006e4       0x3c mbcrc.o
                0x000006e4                usMBCRC16
 .text          0x00000720        0x0 mbfunccoils.o
 .text          0x00000720        0x0 mbfuncdiag.o
 .text          0x00000720        0x0 mbfuncdisc.o
 .text          0x00000720      0x23e mbfuncholding.o
                0x00000720                eMBFuncWriteHoldingRegister
                0x00000758                eMBFuncWriteMultipleHoldingRegister
                0x000007c0                eMBFuncReadHoldingRegister
                0x00000850                eMBFuncReadWriteMultipleHoldingRegister
 .text          0x0000095e        0x0 mbfuncinput.o
 .text          0x0000095e        0x0 mbfuncother.o
 .text          0x0000095e      0x2c2 mbrtu.o
                0x0000095e                eMBRTUInit
                0x000009ca                eMBRTUStart
                0x000009dc                eMBRTUStop
                0x000009ea                eMBRTUReceive
                0x00000a54                eMBRTUSend
                0x00000aea                xMBRTUReceiveFSM
                0x00000b78                xMBRTUTransmitFSM
                0x00000be8                xMBRTUTimerT35Expired
 .text          0x00000c20       0xce mbutils.o
                0x00000c20                xMBUtilSetBits
                0x00000c8a                xMBUtilGetBits
                0x00000cda                prveMBError2Exception
 .text          0x00000cee       0x32 portevent.o
                0x00000cee                xMBPortEventInit
                0x00000cf6                xMBPortEventPost
                0x00000d04                xMBPortEventGet
 .text          0x00000d20      0x15a portserial.o
                0x00000d20                vMBPortSerialEnable
                0x00000d48                xMBPortSerialInit
                0x00000db8                xMBPortSerialPutByte
                0x00000dbe                xMBPortSerialGetByte
                0x00000dc8                __vector_12
                0x00000e16                __vector_11
                0x00000e64                __vector_13
 .text          0x00000e7a       0xb2 porttimer.o
                0x00000e7a                vMBPortTimersEnable
                0x00000e9c                vMBPortTimersDisable
                0x00000eb0                xMBPortTimersInit
                0x00000ede                __vector_6
 .text          0x00000f2c        0x0 c:/program files/atmel/avr tools/avr toolchain/bin/../lib/gcc/avr/4.5.1/avr4\libgcc.a(_mulsi3.o)
 .text          0x00000f2c        0x0 c:/program files/atmel/avr tools/avr toolchain/bin/../lib/gcc/avr/4.5.1/avr4\libgcc.a(_udivmodqi4.o)
 .text          0x00000f2c        0x0 c:/program files/atmel/avr tools/avr toolchain/bin/../lib/gcc/avr/4.5.1/avr4\libgcc.a(_udivmodsi4.o)
 .text          0x00000f2c        0x0 c:/program files/atmel/avr tools/avr toolchain/bin/../lib/gcc/avr/4.5.1/avr4\libgcc.a(_exit.o)
 .text          0x00000f2c        0x0 c:/program files/atmel/avr tools/avr toolchain/bin/../lib/gcc/avr/4.5.1/avr4\libgcc.a(_copy_data.o)
 .text          0x00000f2c        0x0 c:/program files/atmel/avr tools/avr toolchain/bin/../lib/gcc/avr/4.5.1/avr4\libgcc.a(_clear_bss.o)
                0x00000f2c                . = ALIGN (0x2)
 *(.text.*)
 .text.libgcc   0x00000f2c       0x3e c:/program files/atmel/avr tools/avr toolchain/bin/../lib/gcc/avr/4.5.1/avr4\libgcc.a(_mulsi3.o)
                0x00000f2c                __mulsi3
 .text.libgcc   0x00000f6a       0x18 c:/program files/atmel/avr tools/avr toolchain/bin/../lib/gcc/avr/4.5.1/avr4\libgcc.a(_udivmodqi4.o)
                0x00000f6a                __udivmodqi4
 .text.libgcc   0x00000f82       0x44 c:/program files/atmel/avr tools/avr toolchain/bin/../lib/gcc/avr/4.5.1/avr4\libgcc.a(_udivmodsi4.o)
                0x00000f82                __udivmodsi4
 .text.libgcc   0x00000fc6        0x0 c:/program files/atmel/avr tools/avr toolchain/bin/../lib/gcc/avr/4.5.1/avr4\libgcc.a(_exit.o)
 .text.libgcc   0x00000fc6        0x0 c:/program files/atmel/avr tools/avr toolchain/bin/../lib/gcc/avr/4.5.1/avr4\libgcc.a(_copy_data.o)
 .text.libgcc   0x00000fc6        0x0 c:/program files/atmel/avr tools/avr toolchain/bin/../lib/gcc/avr/4.5.1/avr4\libgcc.a(_clear_bss.o)
                0x00000fc6                . = ALIGN (0x2)
 *(.fini9)
 .fini9         0x00000fc6        0x0 c:/program files/atmel/avr tools/avr toolchain/bin/../lib/gcc/avr/4.5.1/avr4\libgcc.a(_exit.o)
                0x00000fc6                _exit
                0x00000fc6                exit
 *(.fini9)
 *(.fini8)
 *(.fini8)
 *(.fini7)
 *(.fini7)
 *(.fini6)
 *(.fini6)
 *(.fini5)
 *(.fini5)
 *(.fini4)
 *(.fini4)
 *(.fini3)
 *(.fini3)
 *(.fini2)
 *(.fini2)
 *(.fini1)
 *(.fini1)
 *(.fini0)
 .fini0         0x00000fc6        0x4 c:/program files/atmel/avr tools/avr toolchain/bin/../lib/gcc/avr/4.5.1/avr4\libgcc.a(_exit.o)
 *(.fini0)
                0x00000fca                _etext = .

.data           0x00800060       0x40 load address 0x00000fca
                0x00800060                PROVIDE (__data_start, .)
 *(.data)
 .data          0x00800060        0x0 c:/program files/atmel/avr tools/avr toolchain/bin/../lib/gcc/avr/4.5.1/../../../../avr/lib/avr4/crtm8.o
 .data          0x00800060        0x4 demo.o
                0x00800060                time
 .data          0x00800064       0x31 mb.o
 .data          0x00800095        0x0 mbcrc.o
 .data          0x00800095        0x0 mbfunccoils.o
 .data          0x00800095        0x0 mbfuncdiag.o
 .data          0x00800095        0x0 mbfuncdisc.o
 .data          0x00800095        0x0 mbfuncholding.o
 .data          0x00800095        0x0 mbfuncinput.o
 .data          0x00800095        0x0 mbfuncother.o
 .data          0x00800095        0x0 mbrtu.o
 .data          0x00800095        0x8 mbutils.o
 .data          0x0080009d        0x0 portevent.o
 .data          0x0080009d        0x3 portserial.o
 .data          0x008000a0        0x0 porttimer.o
 .data          0x008000a0        0x0 c:/program files/atmel/avr tools/avr toolchain/bin/../lib/gcc/avr/4.5.1/avr4\libgcc.a(_mulsi3.o)
 .data          0x008000a0        0x0 c:/program files/atmel/avr tools/avr toolchain/bin/../lib/gcc/avr/4.5.1/avr4\libgcc.a(_udivmodqi4.o)
 .data          0x008000a0        0x0 c:/program files/atmel/avr tools/avr toolchain/bin/../lib/gcc/avr/4.5.1/avr4\libgcc.a(_udivmodsi4.o)
 .data          0x008000a0        0x0 c:/program files/atmel/avr tools/avr toolchain/bin/../lib/gcc/avr/4.5.1/avr4\libgcc.a(_exit.o)
 .data          0x008000a0        0x0 c:/program files/atmel/avr tools/avr toolchain/bin/../lib/gcc/avr/4.5.1/avr4\libgcc.a(_copy_data.o)
 .data          0x008000a0        0x0 c:/program files/atmel/avr tools/avr toolchain/bin/../lib/gcc/avr/4.5.1/avr4\libgcc.a(_clear_bss.o)
 *(.data*)
 *(.rodata)
 *(.rodata*)
 *(.gnu.linkonce.d*)
                0x008000a0                . = ALIGN (0x2)
                0x008000a0                _edata = .
                0x008000a0                PROVIDE (__data_end, .)

.bss            0x008000a0      0x1ab
                0x008000a0                PROVIDE (__bss_start, .)
 *(.bss)
 .bss           0x008000a0        0x0 c:/program files/atmel/avr tools/avr toolchain/bin/../lib/gcc/avr/4.5.1/../../../../avr/lib/avr4/crtm8.o
 .bss           0x008000a0       0x82 demo.o
                0x008000a0                segpos
                0x008000a1                count
 .bss           0x00800122       0x13 mb.o
 .bss           0x00800135        0x0 mbcrc.o
 .bss           0x00800135        0x0 mbfunccoils.o
 .bss           0x00800135        0x0 mbfuncdiag.o
 .bss           0x00800135        0x0 mbfuncdisc.o
 .bss           0x00800135        0x0 mbfuncholding.o
 .bss           0x00800135        0x0 mbfuncinput.o
 .bss           0x00800135        0x0 mbfuncother.o
 .bss           0x00800135        0x8 mbrtu.o
 .bss           0x0080013d        0x0 mbutils.o
 .bss           0x0080013d        0x2 portevent.o
 .bss           0x0080013f        0x0 portserial.o
 .bss           0x0080013f        0x2 porttimer.o
 .bss           0x00800141        0x0 c:/program files/atmel/avr tools/avr toolchain/bin/../lib/gcc/avr/4.5.1/avr4\libgcc.a(_mulsi3.o)
 .bss           0x00800141        0x0 c:/program files/atmel/avr tools/avr toolchain/bin/../lib/gcc/avr/4.5.1/avr4\libgcc.a(_udivmodqi4.o)
 .bss           0x00800141        0x0 c:/program files/atmel/avr tools/avr toolchain/bin/../lib/gcc/avr/4.5.1/avr4\libgcc.a(_udivmodsi4.o)
 .bss           0x00800141        0x0 c:/program files/atmel/avr tools/avr toolchain/bin/../lib/gcc/avr/4.5.1/avr4\libgcc.a(_exit.o)
 .bss           0x00800141        0x0 c:/program files/atmel/avr tools/avr toolchain/bin/../lib/gcc/avr/4.5.1/avr4\libgcc.a(_copy_data.o)
 .bss           0x00800141        0x0 c:/program files/atmel/avr tools/avr toolchain/bin/../lib/gcc/avr/4.5.1/avr4\libgcc.a(_clear_bss.o)
 *(.bss*)
 *(COMMON)
 COMMON         0x00800141        0xa mb.o
                0x00800141                pxMBFrameCBTransmitterEmpty
                0x00800143                pxMBPortCBTimerExpired
                0x00800145                pxMBFrameCBByteReceived
                0x00800147                pxMBFrameCBTransmitFSMCur
                0x00800149                pxMBFrameCBReceiveFSMCur
 COMMON         0x0080014b      0x100 mbrtu.o
                0x0080014b                ucRTUBuf
                0x0080024b                PROVIDE (__bss_end, .)
                0x00000fca                __data_load_start = LOADADDR (.data)
                0x0000100a                __data_load_end = (__data_load_start + SIZEOF (.data))

.noinit         0x0080024b        0x0
                0x0080024b                PROVIDE (__noinit_start, .)
 *(.noinit*)
                0x0080024b                PROVIDE (__noinit_end, .)
                0x0080024b                _end = .
                0x0080024b                PROVIDE (__heap_start, .)

.eeprom         0x00810000        0x0
 *(.eeprom*)
                0x00810000                __eeprom_end = .

.fuse
 *(.fuse)
 *(.lfuse)
 *(.hfuse)
 *(.efuse)

.lock
 *(.lock*)

.signature
 *(.signature*)

.stab           0x00000000      0x6cc
 *(.stab)
 .stab          0x00000000      0x6cc c:/program files/atmel/avr tools/avr toolchain/bin/../lib/gcc/avr/4.5.1/../../../../avr/lib/avr4/crtm8.o

.stabstr        0x00000000       0x85
 *(.stabstr)
 .stabstr       0x00000000       0x85 c:/program files/atmel/avr tools/avr toolchain/bin/../lib/gcc/avr/4.5.1/../../../../avr/lib/avr4/crtm8.o

.stab.excl
 *(.stab.excl)

.stab.exclstr
 *(.stab.exclstr)

.stab.index
 *(.stab.index)

.stab.indexstr
 *(.stab.indexstr)

.comment
 *(.comment)

.debug
 *(.debug)

.line
 *(.line)

.debug_srcinfo
 *(.debug_srcinfo)

.debug_sfnames
 *(.debug_sfnames)

.debug_aranges  0x00000000      0x120
 *(.debug_aranges)
 .debug_aranges
                0x00000000       0x20 demo.o
 .debug_aranges
                0x00000020       0x20 mb.o
 .debug_aranges
                0x00000040       0x20 mbcrc.o
 .debug_aranges
                0x00000060       0x20 mbfuncholding.o
 .debug_aranges
                0x00000080       0x20 mbrtu.o
 .debug_aranges
                0x000000a0       0x20 mbutils.o
 .debug_aranges
                0x000000c0       0x20 portevent.o
 .debug_aranges
                0x000000e0       0x20 portserial.o
 .debug_aranges
                0x00000100       0x20 porttimer.o

.debug_pubnames
                0x00000000      0x477
 *(.debug_pubnames)
 .debug_pubnames
                0x00000000       0x5b demo.o
 .debug_pubnames
                0x0000005b       0xf8 mb.o
 .debug_pubnames
                0x00000153       0x20 mbcrc.o
 .debug_pubnames
                0x00000173       0xa5 mbfuncholding.o
 .debug_pubnames
                0x00000218       0xb3 mbrtu.o
 .debug_pubnames
                0x000002cb       0x52 mbutils.o
 .debug_pubnames
                0x0000031d       0x50 portevent.o
 .debug_pubnames
                0x0000036d       0xa2 portserial.o
 .debug_pubnames
                0x0000040f       0x68 porttimer.o

.debug_info     0x00000000     0x1c26
 *(.debug_info)
 .debug_info    0x00000000      0x38b demo.o
 .debug_info    0x0000038b      0x5f5 mb.o
 .debug_info    0x00000980      0x1a8 mbcrc.o
 .debug_info    0x00000b28       0x73 mbfunccoils.o
 .debug_info    0x00000b9b        0x0 mbfuncdiag.o
 .debug_info    0x00000b9b       0x73 mbfuncdisc.o
 .debug_info    0x00000c0e      0x365 mbfuncholding.o
 .debug_info    0x00000f73       0x73 mbfuncinput.o
 .debug_info    0x00000fe6       0x73 mbfuncother.o
 .debug_info    0x00001059      0x45a mbrtu.o
 .debug_info    0x000014b3      0x284 mbutils.o
 .debug_info    0x00001737      0x154 portevent.o
 .debug_info    0x0000188b      0x24e portserial.o
 .debug_info    0x00001ad9      0x14d porttimer.o
 *(.gnu.linkonce.wi.*)

.debug_abbrev   0x00000000      0x957
 *(.debug_abbrev)
 .debug_abbrev  0x00000000      0x179 demo.o
 .debug_abbrev  0x00000179      0x179 mb.o
 .debug_abbrev  0x000002f2       0xc0 mbcrc.o
 .debug_abbrev  0x000003b2       0x2a mbfunccoils.o
 .debug_abbrev  0x000003dc        0x1 mbfuncdiag.o
 .debug_abbrev  0x000003dd       0x2a mbfuncdisc.o
 .debug_abbrev  0x00000407       0xa4 mbfuncholding.o
 .debug_abbrev  0x000004ab       0x2a mbfuncinput.o
 .debug_abbrev  0x000004d5       0x2a mbfuncother.o
 .debug_abbrev  0x000004ff      0x12a mbrtu.o
 .debug_abbrev  0x00000629       0xe6 mbutils.o
 .debug_abbrev  0x0000070f       0xb3 portevent.o
 .debug_abbrev  0x000007c2       0xe2 portserial.o
 .debug_abbrev  0x000008a4       0xb3 porttimer.o

.debug_line     0x00000000     0x1451
 *(.debug_line)
 .debug_line    0x00000000      0x2f3 demo.o
 .debug_line    0x000002f3      0x357 mb.o
 .debug_line    0x0000064a      0x112 mbcrc.o
 .debug_line    0x0000075c       0x3e mbfunccoils.o
 .debug_line    0x0000079a       0x24 mbfuncdiag.o
 .debug_line    0x000007be       0x3e mbfuncdisc.o
 .debug_line    0x000007fc      0x34f mbfuncholding.o
 .debug_line    0x00000b4b       0x3e mbfuncinput.o
 .debug_line    0x00000b89       0x3e mbfuncother.o
 .debug_line    0x00000bc7      0x316 mbrtu.o
 .debug_line    0x00000edd      0x12f mbutils.o
 .debug_line    0x0000100c       0xd6 portevent.o
 .debug_line    0x000010e2      0x1e3 portserial.o
 .debug_line    0x000012c5      0x18c porttimer.o

.debug_frame    0x00000000      0x300
 *(.debug_frame)
 .debug_frame   0x00000000       0x40 demo.o
 .debug_frame   0x00000040       0x70 mb.o
 .debug_frame   0x000000b0       0x20 mbcrc.o
 .debug_frame   0x000000d0       0x50 mbfuncholding.o
 .debug_frame   0x00000120       0x90 mbrtu.o
 .debug_frame   0x000001b0       0x40 mbutils.o
 .debug_frame   0x000001f0       0x40 portevent.o
 .debug_frame   0x00000230       0x80 portserial.o
 .debug_frame   0x000002b0       0x50 porttimer.o

.debug_str      0x00000000      0xb5f
 *(.debug_str)
 .debug_str     0x00000000      0x221 demo.o
                                0x260 (size before relaxing)
 .debug_str     0x00000221      0x38a mb.o
                                0x524 (size before relaxing)
 .debug_str     0x000005ab       0x64 mbcrc.o
                                0x143 (size before relaxing)
 .debug_str     0x0000060f       0x11 mbfunccoils.o
                                 0xcb (size before relaxing)
 .debug_str     0x00000620       0x10 mbfuncdisc.o
                                 0xca (size before relaxing)
 .debug_str     0x00000630      0x12a mbfuncholding.o
                                0x371 (size before relaxing)
 .debug_str     0x0000075a       0x11 mbfuncinput.o
                                 0xcb (size before relaxing)
 .debug_str     0x0000076b       0x11 mbfuncother.o
                                 0xcb (size before relaxing)
 .debug_str     0x0000077c      0x191 mbrtu.o
                                0x375 (size before relaxing)
 .debug_str     0x0000090d       0xa3 mbutils.o
                                0x2c2 (size before relaxing)
 .debug_str     0x000009b0       0x6b portevent.o
                                0x172 (size before relaxing)
 .debug_str     0x00000a1b       0xba portserial.o
                                0x20d (size before relaxing)
 .debug_str     0x00000ad5       0x8a porttimer.o
                                0x178 (size before relaxing)

.debug_loc      0x00000000     0x10d7
 *(.debug_loc)
 .debug_loc     0x00000000      0x192 demo.o
 .debug_loc     0x00000192      0x276 mb.o
 .debug_loc     0x00000408      0x151 mbcrc.o
 .debug_loc     0x00000559      0x557 mbfuncholding.o
 .debug_loc     0x00000ab0      0x2cc mbrtu.o
 .debug_loc     0x00000d7c      0x1a6 mbutils.o
 .debug_loc     0x00000f22       0x91 portevent.o
 .debug_loc     0x00000fb3       0xfc portserial.o
 .debug_loc     0x000010af       0x28 porttimer.o

.debug_macinfo
 *(.debug_macinfo)
OUTPUT(berlios_1.elf elf32-avr)
LOAD linker stubs

.debug_pubtypes
                0x00000000      0x3c6
 .debug_pubtypes
                0x00000000       0x58 demo.o
 .debug_pubtypes
                0x00000058      0x115 mb.o
 .debug_pubtypes
                0x0000016d       0x40 mbcrc.o
 .debug_pubtypes
                0x000001ad       0x12 mbfunccoils.o
 .debug_pubtypes
                0x000001bf       0x12 mbfuncdisc.o
 .debug_pubtypes
                0x000001d1       0x49 mbfuncholding.o
 .debug_pubtypes
                0x0000021a       0x12 mbfuncinput.o
 .debug_pubtypes
                0x0000022c       0x12 mbfuncother.o
 .debug_pubtypes
                0x0000023e       0x82 mbrtu.o
 .debug_pubtypes
                0x000002c0       0x49 mbutils.o
 .debug_pubtypes
                0x00000309       0x2c portevent.o
 .debug_pubtypes
                0x00000335       0x52 portserial.o
 .debug_pubtypes
                0x00000387       0x3f porttimer.o
